INFO:__main__:Loading system from output/system.xml
INFO:__main__:Building mace-off-small model with 138 atoms
/home/mh7373/miniconda3/envs/tpstorch/lib/python3.12/site-packages/e3nn/o3/_wigner.py:10: UserWarning: Environment variable TORCH_FORCE_NO_WEIGHTS_ONLY_LOAD detected, since the`weights_only` argument was not explicitly passed to `torch.load`, forcing weights_only=False.
  _Jd, _W3j_flat, _W3j_indices = torch.load(os.path.join(os.path.dirname(__file__), 'constants.pt'))
/home/mh7373/miniconda3/envs/tpstorch/lib/python3.12/site-packages/mace/calculators/foundations_models.py:272: UserWarning: Environment variable TORCH_FORCE_NO_WEIGHTS_ONLY_LOAD detected, since the`weights_only` argument was not explicitly passed to `torch.load`, forcing weights_only=False.
  return torch.load(model, map_location=device)
INFO:committorch.models.equivariant.mace:Loaded mace-off-small (694320 params, r_max=4.5 A)
INFO:__main__:Model device: cuda
INFO:__main__:Generating folded boundary configs...
INFO:__main__:Generating unfolded boundary configs...
WARNING:root:Warning: importing 'simtk.openmm' is deprecated.  Import 'openmm' instead.
/media/extradrive/Trajectories/tps-torch/src/committorch/models/equivariant/mace.py:511: TracerWarning: Converting a tensor to a Python boolean might cause the trace to be incorrect. We can't record the data flow of Python values, so this value will be treated as a constant in the future. This means that the trace might not generalize to other inputs!
  if self.atomic_numbers.numel() == 0:
/media/extradrive/Trajectories/tps-torch/src/committorch/models/equivariant/mace.py:517: TracerWarning: Converting a tensor to a Python boolean might cause the trace to be incorrect. We can't record the data flow of Python values, so this value will be treated as a constant in the future. This means that the trace might not generalize to other inputs!
  if x.dim() == 2 and x.shape[-1] == n_atoms * 3:
/media/extradrive/Trajectories/tps-torch/src/committorch/models/equivariant/mace.py:492: TracerWarning: torch.tensor results are registered as constants in the trace. You can safely ignore this warning if you use this function to create tensors out of constant variables that would be the same every time you call this function. In any other case, this might cause the trace to be incorrect.
  "ptr": torch.tensor(
/home/mh7373/miniconda3/envs/tpstorch/lib/python3.12/site-packages/mace/modules/utils.py:609: TracerWarning: Converting a tensor to a Python integer might cause the trace to be incorrect. We can't record the data flow of Python values, so this value will be treated as a constant in the future. This means that the trace might not generalize to other inputs!
  num_graphs = int(data["ptr"].numel() - 1)
/home/mh7373/miniconda3/envs/tpstorch/lib/python3.12/site-packages/e3nn/o3/_tensor_product/_tensor_product.py:524: TracerWarning: Converting a tensor to a Python boolean might cause the trace to be incorrect. We can't record the data flow of Python values, so this value will be treated as a constant in the future. This means that the trace might not generalize to other inputs!
  assert x.shape[-1] == self._in1_dim, "Incorrect last dimension for x"
/home/mh7373/miniconda3/envs/tpstorch/lib/python3.12/site-packages/e3nn/o3/_tensor_product/_tensor_product.py:525: TracerWarning: Converting a tensor to a Python boolean might cause the trace to be incorrect. We can't record the data flow of Python values, so this value will be treated as a constant in the future. This means that the trace might not generalize to other inputs!
  assert y.shape[-1] == self._in2_dim, "Incorrect last dimension for y"
/home/mh7373/miniconda3/envs/tpstorch/lib/python3.12/site-packages/e3nn/o3/_tensor_product/_tensor_product.py:449: TracerWarning: Converting a tensor to a Python boolean might cause the trace to be incorrect. We can't record the data flow of Python values, so this value will be treated as a constant in the future. This means that the trace might not generalize to other inputs!
  assert weight.shape[-1] == self.weight_numel, "Invalid weight shape"
INFO:__main__:Starting training: 100000 iterations (from 0)
INFO:committorch.training.protein_loop:Collected 5 snapshots, 0 OPES kernels total
INFO:__main__:Iteration 1: loss=5.0098e-01, bke=3.3113e-06, boundary=5.0098e-01
INFO:__main__:  OPES: n_kernels=0, rct=-14.1346, ess=1.0000
INFO:committorch.training.protein_loop:Collected 5 snapshots, 0 OPES kernels total
INFO:__main__:Iteration 2: loss=5.0080e-01, bke=3.1902e-06, boundary=5.0080e-01
INFO:__main__:  OPES: n_kernels=0, rct=-14.1346, ess=1.0000
INFO:committorch.training.protein_loop:Collected 5 snapshots, 0 OPES kernels total
INFO:__main__:Iteration 3: loss=5.0065e-01, bke=5.2425e-06, boundary=5.0064e-01
INFO:__main__:  OPES: n_kernels=0, rct=-14.1346, ess=1.0000
INFO:committorch.training.protein_loop:Collected 5 snapshots, 0 OPES kernels total
INFO:__main__:Iteration 4: loss=5.0051e-01, bke=5.3033e-06, boundary=5.0050e-01
INFO:__main__:  OPES: n_kernels=0, rct=-14.1346, ess=1.0000
INFO:committorch.training.protein_loop:Collected 5 snapshots, 0 OPES kernels total
INFO:__main__:Iteration 5: loss=5.0040e-01, bke=7.7175e-06, boundary=5.0039e-01
INFO:__main__:  OPES: n_kernels=0, rct=-14.1346, ess=1.0000
INFO:committorch.training.protein_loop:Collected 5 snapshots, 0 OPES kernels total
INFO:__main__:Iteration 6: loss=5.0030e-01, bke=6.7157e-06, boundary=5.0029e-01
INFO:__main__:  OPES: n_kernels=0, rct=-14.1346, ess=1.0000
INFO:committorch.training.protein_loop:Collected 5 snapshots, 0 OPES kernels total
INFO:__main__:Iteration 7: loss=5.0022e-01, bke=7.3798e-06, boundary=5.0022e-01
INFO:__main__:  OPES: n_kernels=0, rct=-14.1346, ess=1.0000
INFO:committorch.training.protein_loop:Collected 5 snapshots, 0 OPES kernels total
INFO:__main__:Iteration 8: loss=5.0016e-01, bke=7.6479e-06, boundary=5.0015e-01
INFO:__main__:  OPES: n_kernels=0, rct=-14.1346, ess=1.0000
INFO:committorch.training.protein_loop:Collected 5 snapshots, 0 OPES kernels total
INFO:__main__:Iteration 9: loss=5.0010e-01, bke=7.7025e-06, boundary=5.0010e-01
INFO:__main__:  OPES: n_kernels=0, rct=-14.1346, ess=1.0000
INFO:committorch.training.protein_loop:Collected 5 snapshots, 0 OPES kernels total
INFO:__main__:Iteration 10: loss=5.0006e-01, bke=9.2700e-06, boundary=5.0005e-01
INFO:__main__:  OPES: n_kernels=0, rct=-14.1346, ess=1.0000
INFO:committorch.training.protein_loop:Collected 5 snapshots, 0 OPES kernels total
INFO:__main__:Iteration 11: loss=5.0003e-01, bke=9.7638e-06, boundary=5.0002e-01
INFO:__main__:  OPES: n_kernels=0, rct=-14.1346, ess=1.0000
INFO:committorch.training.protein_loop:Collected 5 snapshots, 0 OPES kernels total
INFO:__main__:Iteration 12: loss=5.0001e-01, bke=2.5917e-06, boundary=5.0001e-01
INFO:__main__:  OPES: n_kernels=0, rct=-14.1346, ess=1.0000
INFO:committorch.training.protein_loop:Collected 5 snapshots, 0 OPES kernels total
INFO:__main__:Iteration 13: loss=5.0000e-01, bke=3.4466e-06, boundary=5.0000e-01
INFO:__main__:  OPES: n_kernels=0, rct=-14.1346, ess=1.0000
INFO:committorch.training.protein_loop:Collected 5 snapshots, 0 OPES kernels total
INFO:__main__:Iteration 14: loss=5.0000e-01, bke=3.5632e-06, boundary=5.0000e-01
INFO:__main__:  OPES: n_kernels=0, rct=-14.1346, ess=1.0000
INFO:committorch.training.protein_loop:Collected 5 snapshots, 0 OPES kernels total
INFO:__main__:Iteration 15: loss=5.0000e-01, bke=3.6039e-06, boundary=5.0000e-01
INFO:__main__:  OPES: n_kernels=0, rct=-14.1346, ess=1.0000
INFO:committorch.training.protein_loop:Collected 5 snapshots, 0 OPES kernels total
INFO:__main__:Iteration 16: loss=5.0001e-01, bke=4.0178e-06, boundary=5.0000e-01
INFO:__main__:  OPES: n_kernels=0, rct=-14.1346, ess=1.0000
INFO:committorch.training.protein_loop:Collected 5 snapshots, 0 OPES kernels total
INFO:__main__:Iteration 17: loss=5.0002e-01, bke=4.7134e-06, boundary=5.0001e-01
INFO:__main__:  OPES: n_kernels=0, rct=-14.1346, ess=1.0000
INFO:committorch.training.protein_loop:Collected 5 snapshots, 0 OPES kernels total
INFO:__main__:Iteration 18: loss=5.0002e-01, bke=5.2176e-06, boundary=5.0002e-01
INFO:__main__:  OPES: n_kernels=0, rct=-14.1346, ess=1.0000
INFO:committorch.training.protein_loop:Collected 5 snapshots, 0 OPES kernels total
INFO:__main__:Iteration 19: loss=5.0003e-01, bke=5.7480e-06, boundary=5.0002e-01
INFO:__main__:  OPES: n_kernels=0, rct=-14.1346, ess=1.0000
INFO:committorch.training.protein_loop:Collected 5 snapshots, 0 OPES kernels total
INFO:__main__:Iteration 20: loss=5.0004e-01, bke=6.1056e-06, boundary=5.0003e-01
INFO:__main__:  OPES: n_kernels=0, rct=-14.1346, ess=1.0000
INFO:committorch.training.protein_loop:Collected 5 snapshots, 0 OPES kernels total
INFO:__main__:Iteration 21: loss=5.0004e-01, bke=6.8063e-06, boundary=5.0003e-01
INFO:__main__:  OPES: n_kernels=0, rct=-14.1346, ess=1.0000
INFO:committorch.training.protein_loop:Collected 5 snapshots, 0 OPES kernels total
INFO:__main__:Iteration 22: loss=5.0004e-01, bke=7.1742e-06, boundary=5.0003e-01
INFO:__main__:  OPES: n_kernels=0, rct=-14.1346, ess=1.0000
INFO:committorch.training.protein_loop:Collected 5 snapshots, 0 OPES kernels total
INFO:__main__:Iteration 23: loss=5.0004e-01, bke=7.8690e-06, boundary=5.0003e-01
INFO:__main__:  OPES: n_kernels=0, rct=-14.1346, ess=1.0000
INFO:committorch.training.protein_loop:Collected 5 snapshots, 0 OPES kernels total
INFO:__main__:Iteration 24: loss=5.0004e-01, bke=8.9815e-06, boundary=5.0003e-01
INFO:__main__:  OPES: n_kernels=0, rct=-14.1346, ess=1.0000
INFO:committorch.training.protein_loop:Collected 5 snapshots, 0 OPES kernels total
INFO:__main__:Iteration 25: loss=5.0003e-01, bke=9.8159e-06, boundary=5.0002e-01
INFO:__main__:  OPES: n_kernels=0, rct=-14.1346, ess=1.0000
INFO:committorch.training.protein_loop:Collected 5 snapshots, 0 OPES kernels total
INFO:__main__:Iteration 26: loss=5.0003e-01, bke=9.7782e-06, boundary=5.0002e-01
INFO:__main__:  OPES: n_kernels=0, rct=-14.1346, ess=1.0000
INFO:committorch.training.protein_loop:Collected 5 snapshots, 0 OPES kernels total
INFO:__main__:Iteration 27: loss=5.0002e-01, bke=9.8013e-06, boundary=5.0001e-01
INFO:__main__:  OPES: n_kernels=0, rct=-14.1346, ess=1.0000
INFO:committorch.training.protein_loop:Collected 5 snapshots, 0 OPES kernels total
INFO:__main__:Iteration 28: loss=5.0002e-01, bke=1.0062e-05, boundary=5.0001e-01
INFO:__main__:  OPES: n_kernels=0, rct=-14.1346, ess=1.0000
INFO:committorch.training.protein_loop:Collected 5 snapshots, 0 OPES kernels total
INFO:__main__:Iteration 29: loss=5.0001e-01, bke=1.0993e-05, boundary=5.0000e-01
INFO:__main__:  OPES: n_kernels=0, rct=-14.1346, ess=1.0000
INFO:committorch.training.protein_loop:Collected 5 snapshots, 0 OPES kernels total
INFO:__main__:Iteration 30: loss=5.0001e-01, bke=1.1408e-05, boundary=5.0000e-01
INFO:__main__:  OPES: n_kernels=0, rct=-14.1346, ess=1.0000
INFO:committorch.training.protein_loop:Collected 5 snapshots, 0 OPES kernels total
INFO:__main__:Iteration 31: loss=5.0001e-01, bke=1.1842e-05, boundary=5.0000e-01
INFO:__main__:  OPES: n_kernels=0, rct=-14.1346, ess=1.0000
INFO:committorch.training.protein_loop:Collected 5 snapshots, 0 OPES kernels total
INFO:__main__:Iteration 32: loss=5.0001e-01, bke=1.2048e-05, boundary=4.9999e-01
INFO:__main__:  OPES: n_kernels=0, rct=-14.1346, ess=1.0000
INFO:committorch.training.protein_loop:Collected 5 snapshots, 0 OPES kernels total
INFO:__main__:Iteration 33: loss=5.0000e-01, bke=1.2288e-05, boundary=4.9999e-01
INFO:__main__:  OPES: n_kernels=0, rct=-14.1346, ess=1.0000
INFO:committorch.training.protein_loop:Collected 5 snapshots, 0 OPES kernels total
INFO:__main__:Iteration 34: loss=5.0000e-01, bke=1.2788e-05, boundary=4.9999e-01
INFO:__main__:  OPES: n_kernels=0, rct=-14.1346, ess=1.0000
INFO:committorch.training.protein_loop:Collected 5 snapshots, 0 OPES kernels total
INFO:__main__:Iteration 35: loss=5.0000e-01, bke=1.2709e-05, boundary=4.9999e-01
INFO:__main__:  OPES: n_kernels=0, rct=-14.1346, ess=1.0000
INFO:committorch.training.protein_loop:Collected 5 snapshots, 0 OPES kernels total
INFO:__main__:Iteration 36: loss=5.0001e-01, bke=1.3965e-05, boundary=4.9999e-01
INFO:__main__:  OPES: n_kernels=0, rct=-14.1346, ess=1.0000
INFO:committorch.training.protein_loop:Collected 5 snapshots, 0 OPES kernels total
INFO:__main__:Iteration 37: loss=5.0001e-01, bke=1.4330e-05, boundary=4.9999e-01
INFO:__main__:  OPES: n_kernels=0, rct=-14.1346, ess=1.0000
INFO:committorch.training.protein_loop:Collected 5 snapshots, 0 OPES kernels total
INFO:__main__:Iteration 38: loss=5.0001e-01, bke=1.4443e-05, boundary=4.9999e-01
INFO:__main__:  OPES: n_kernels=0, rct=-14.1346, ess=1.0000
INFO:committorch.training.protein_loop:Collected 5 snapshots, 0 OPES kernels total
INFO:__main__:Iteration 39: loss=5.0001e-01, bke=1.4742e-05, boundary=4.9999e-01
INFO:__main__:  OPES: n_kernels=0, rct=-14.1346, ess=1.0000
INFO:committorch.training.protein_loop:Collected 5 snapshots, 0 OPES kernels total
INFO:__main__:Iteration 40: loss=5.0001e-01, bke=1.5866e-05, boundary=4.9999e-01
INFO:__main__:  OPES: n_kernels=0, rct=-14.1346, ess=1.0000
INFO:committorch.training.protein_loop:Collected 5 snapshots, 0 OPES kernels total
INFO:__main__:Iteration 41: loss=5.0001e-01, bke=1.6964e-05, boundary=4.9999e-01
INFO:__main__:  OPES: n_kernels=0, rct=-14.1346, ess=1.0000
INFO:committorch.training.protein_loop:Collected 5 snapshots, 0 OPES kernels total
INFO:__main__:Iteration 42: loss=5.0001e-01, bke=1.7544e-05, boundary=4.9999e-01
INFO:__main__:  OPES: n_kernels=0, rct=-14.1346, ess=1.0000
INFO:committorch.training.protein_loop:Collected 5 snapshots, 0 OPES kernels total
INFO:__main__:Iteration 43: loss=5.0001e-01, bke=1.8747e-05, boundary=4.9999e-01
INFO:__main__:  OPES: n_kernels=0, rct=-14.1346, ess=1.0000
INFO:committorch.training.protein_loop:Collected 5 snapshots, 0 OPES kernels total
INFO:__main__:Iteration 44: loss=5.0001e-01, bke=1.9865e-05, boundary=4.9999e-01
INFO:__main__:  OPES: n_kernels=0, rct=-14.1346, ess=1.0000
INFO:committorch.training.protein_loop:Collected 5 snapshots, 0 OPES kernels total
INFO:__main__:Iteration 45: loss=5.0001e-01, bke=2.0947e-05, boundary=4.9999e-01
INFO:__main__:  OPES: n_kernels=0, rct=-14.1346, ess=1.0000
INFO:committorch.training.protein_loop:Collected 5 snapshots, 0 OPES kernels total
INFO:__main__:Iteration 46: loss=5.0001e-01, bke=2.2320e-05, boundary=4.9999e-01
INFO:__main__:  OPES: n_kernels=0, rct=-14.1346, ess=1.0000
INFO:committorch.training.protein_loop:Collected 5 snapshots, 0 OPES kernels total
INFO:__main__:Iteration 47: loss=5.0001e-01, bke=2.3477e-05, boundary=4.9999e-01
INFO:__main__:  OPES: n_kernels=0, rct=-14.1346, ess=1.0000
INFO:committorch.training.protein_loop:Collected 5 snapshots, 0 OPES kernels total
INFO:__main__:Iteration 48: loss=5.0001e-01, bke=2.5703e-05, boundary=4.9999e-01
INFO:__main__:  OPES: n_kernels=0, rct=-14.1346, ess=1.0000
INFO:committorch.training.protein_loop:Collected 5 snapshots, 0 OPES kernels total
INFO:__main__:Iteration 49: loss=5.0002e-01, bke=2.7162e-05, boundary=4.9999e-01
INFO:__main__:  OPES: n_kernels=0, rct=-14.1346, ess=1.0000
INFO:committorch.training.protein_loop:Collected 5 snapshots, 0 OPES kernels total
INFO:__main__:Iteration 50: loss=5.0002e-01, bke=2.9408e-05, boundary=4.9999e-01
INFO:__main__:  OPES: n_kernels=0, rct=-14.1346, ess=1.0000
INFO:committorch.training.protein_loop:Collected 5 snapshots, 0 OPES kernels total
INFO:__main__:Iteration 51: loss=5.0002e-01, bke=3.1417e-05, boundary=4.9999e-01
INFO:__main__:  OPES: n_kernels=0, rct=-14.1346, ess=1.0000
INFO:committorch.training.protein_loop:Collected 5 snapshots, 0 OPES kernels total
INFO:__main__:Iteration 52: loss=5.0002e-01, bke=3.2699e-05, boundary=4.9999e-01
INFO:__main__:  OPES: n_kernels=0, rct=-14.1346, ess=1.0000
INFO:committorch.training.protein_loop:Collected 5 snapshots, 0 OPES kernels total
INFO:__main__:Iteration 53: loss=5.0002e-01, bke=3.6349e-05, boundary=4.9998e-01
INFO:__main__:  OPES: n_kernels=0, rct=-14.1346, ess=1.0000
INFO:committorch.training.protein_loop:Collected 5 snapshots, 0 OPES kernels total
INFO:__main__:Iteration 54: loss=5.0002e-01, bke=3.6674e-05, boundary=4.9998e-01
INFO:__main__:  OPES: n_kernels=0, rct=-14.1346, ess=1.0000
INFO:committorch.training.protein_loop:Collected 5 snapshots, 0 OPES kernels total
INFO:__main__:Iteration 55: loss=5.0002e-01, bke=3.9858e-05, boundary=4.9998e-01
INFO:__main__:  OPES: n_kernels=0, rct=-14.1346, ess=1.0000
INFO:committorch.training.protein_loop:Collected 5 snapshots, 0 OPES kernels total
INFO:__main__:Iteration 56: loss=5.0003e-01, bke=4.1531e-05, boundary=4.9998e-01
INFO:__main__:  OPES: n_kernels=0, rct=-14.1346, ess=1.0000
INFO:committorch.training.protein_loop:Collected 5 snapshots, 0 OPES kernels total
INFO:__main__:Iteration 57: loss=5.0003e-01, bke=4.4854e-05, boundary=4.9998e-01
INFO:__main__:  OPES: n_kernels=0, rct=-14.1346, ess=1.0000
INFO:committorch.training.protein_loop:Collected 5 snapshots, 0 OPES kernels total
INFO:__main__:Iteration 58: loss=5.0003e-01, bke=4.9604e-05, boundary=4.9998e-01
INFO:__main__:  OPES: n_kernels=0, rct=-14.1346, ess=1.0000
INFO:committorch.training.protein_loop:Collected 5 snapshots, 0 OPES kernels total
INFO:__main__:Iteration 59: loss=5.0003e-01, bke=5.1694e-05, boundary=4.9998e-01
INFO:__main__:  OPES: n_kernels=0, rct=-14.1346, ess=1.0000
INFO:committorch.training.protein_loop:Collected 5 snapshots, 0 OPES kernels total
INFO:__main__:Iteration 60: loss=5.0004e-01, bke=5.4917e-05, boundary=4.9998e-01
INFO:__main__:  OPES: n_kernels=0, rct=-14.1346, ess=1.0000
INFO:committorch.training.protein_loop:Collected 5 snapshots, 0 OPES kernels total
INFO:__main__:Iteration 61: loss=5.0004e-01, bke=5.9026e-05, boundary=4.9998e-01
INFO:__main__:  OPES: n_kernels=0, rct=-14.1346, ess=1.0000
INFO:committorch.training.protein_loop:Collected 5 snapshots, 0 OPES kernels total
INFO:__main__:Iteration 62: loss=5.0004e-01, bke=6.0375e-05, boundary=4.9998e-01
INFO:__main__:  OPES: n_kernels=0, rct=-14.1346, ess=1.0000
INFO:committorch.training.protein_loop:Collected 5 snapshots, 0 OPES kernels total
INFO:__main__:Iteration 63: loss=5.0004e-01, bke=6.2978e-05, boundary=4.9998e-01
INFO:__main__:  OPES: n_kernels=0, rct=-14.1346, ess=1.0000
INFO:committorch.training.protein_loop:Collected 5 snapshots, 0 OPES kernels total
INFO:__main__:Iteration 64: loss=5.0005e-01, bke=6.7453e-05, boundary=4.9998e-01
INFO:__main__:  OPES: n_kernels=0, rct=-14.1346, ess=1.0000
INFO:committorch.training.protein_loop:Collected 5 snapshots, 0 OPES kernels total
INFO:__main__:Iteration 65: loss=5.0005e-01, bke=7.1161e-05, boundary=4.9998e-01
INFO:__main__:  OPES: n_kernels=0, rct=-14.1346, ess=1.0000
INFO:committorch.training.protein_loop:Collected 5 snapshots, 0 OPES kernels total
INFO:__main__:Iteration 66: loss=5.0005e-01, bke=7.4654e-05, boundary=4.9998e-01
INFO:__main__:  OPES: n_kernels=0, rct=-14.1346, ess=1.0000
INFO:committorch.training.protein_loop:Collected 5 snapshots, 0 OPES kernels total
INFO:__main__:Iteration 67: loss=5.0005e-01, bke=7.6660e-05, boundary=4.9998e-01
INFO:__main__:  OPES: n_kernels=0, rct=-14.1346, ess=1.0000
INFO:committorch.training.protein_loop:Collected 5 snapshots, 0 OPES kernels total
INFO:__main__:Iteration 68: loss=5.0006e-01, bke=7.9262e-05, boundary=4.9998e-01
INFO:__main__:  OPES: n_kernels=0, rct=-14.1346, ess=1.0000
INFO:committorch.training.protein_loop:Collected 5 snapshots, 0 OPES kernels total
INFO:__main__:Iteration 69: loss=5.0006e-01, bke=8.3257e-05, boundary=4.9998e-01
INFO:__main__:  OPES: n_kernels=0, rct=-14.1346, ess=1.0000
INFO:committorch.training.protein_loop:Collected 5 snapshots, 0 OPES kernels total
INFO:__main__:Iteration 70: loss=5.0006e-01, bke=8.8444e-05, boundary=4.9998e-01
INFO:__main__:  OPES: n_kernels=0, rct=-14.1346, ess=1.0000
INFO:committorch.training.protein_loop:Collected 5 snapshots, 0 OPES kernels total
INFO:__main__:Iteration 71: loss=5.0007e-01, bke=9.5515e-05, boundary=4.9997e-01
INFO:__main__:  OPES: n_kernels=0, rct=-14.1346, ess=1.0000
INFO:committorch.training.protein_loop:Collected 5 snapshots, 0 OPES kernels total
INFO:__main__:Iteration 72: loss=5.0007e-01, bke=1.0040e-04, boundary=4.9997e-01
INFO:__main__:  OPES: n_kernels=0, rct=-14.1346, ess=1.0000
INFO:committorch.training.protein_loop:Collected 5 snapshots, 0 OPES kernels total
INFO:__main__:Iteration 73: loss=5.0008e-01, bke=1.0263e-04, boundary=4.9997e-01
INFO:__main__:  OPES: n_kernels=0, rct=-14.1346, ess=1.0000
INFO:committorch.training.protein_loop:Collected 5 snapshots, 0 OPES kernels total
INFO:__main__:Iteration 74: loss=5.0008e-01, bke=1.0743e-04, boundary=4.9997e-01
INFO:__main__:  OPES: n_kernels=0, rct=-14.1346, ess=1.0000
INFO:committorch.training.protein_loop:Collected 5 snapshots, 0 OPES kernels total
INFO:__main__:Iteration 75: loss=5.0009e-01, bke=1.1709e-04, boundary=4.9997e-01
INFO:__main__:  OPES: n_kernels=0, rct=-14.1346, ess=1.0000
INFO:committorch.training.protein_loop:Collected 5 snapshots, 0 OPES kernels total
INFO:__main__:Iteration 76: loss=5.0009e-01, bke=1.2278e-04, boundary=4.9997e-01
INFO:__main__:  OPES: n_kernels=0, rct=-14.1346, ess=1.0000
INFO:committorch.training.protein_loop:Collected 5 snapshots, 0 OPES kernels total
INFO:__main__:Iteration 77: loss=5.0010e-01, bke=1.2900e-04, boundary=4.9997e-01
INFO:__main__:  OPES: n_kernels=0, rct=-14.1346, ess=1.0000
INFO:committorch.training.protein_loop:Collected 5 snapshots, 0 OPES kernels total
INFO:__main__:Iteration 78: loss=5.0011e-01, bke=1.3654e-04, boundary=4.9997e-01
INFO:__main__:  OPES: n_kernels=0, rct=-14.1346, ess=1.0000
INFO:committorch.training.protein_loop:Collected 5 snapshots, 0 OPES kernels total
INFO:__main__:Iteration 79: loss=5.0011e-01, bke=1.4068e-04, boundary=4.9997e-01
INFO:__main__:  OPES: n_kernels=0, rct=-14.1346, ess=1.0000
INFO:committorch.training.protein_loop:Collected 5 snapshots, 0 OPES kernels total
INFO:__main__:Iteration 80: loss=5.0012e-01, bke=1.5077e-04, boundary=4.9997e-01
INFO:__main__:  OPES: n_kernels=0, rct=-14.1346, ess=1.0000
INFO:committorch.training.protein_loop:Collected 5 snapshots, 0 OPES kernels total
INFO:__main__:Iteration 81: loss=5.0013e-01, bke=1.6106e-04, boundary=4.9997e-01
INFO:__main__:  OPES: n_kernels=0, rct=-14.1346, ess=1.0000
INFO:committorch.training.protein_loop:Collected 5 snapshots, 0 OPES kernels total
INFO:__main__:Iteration 82: loss=5.0013e-01, bke=1.6595e-04, boundary=4.9997e-01
INFO:__main__:  OPES: n_kernels=0, rct=-14.1346, ess=1.0000
INFO:committorch.training.protein_loop:Collected 5 snapshots, 0 OPES kernels total
INFO:__main__:Iteration 83: loss=5.0014e-01, bke=1.7728e-04, boundary=4.9996e-01
INFO:__main__:  OPES: n_kernels=0, rct=-14.1346, ess=1.0000
INFO:committorch.training.protein_loop:Collected 5 snapshots, 0 OPES kernels total
INFO:__main__:Iteration 84: loss=5.0015e-01, bke=1.9026e-04, boundary=4.9996e-01
INFO:__main__:  OPES: n_kernels=0, rct=-14.1346, ess=1.0000
INFO:committorch.training.protein_loop:Collected 5 snapshots, 0 OPES kernels total
INFO:__main__:Iteration 85: loss=5.0016e-01, bke=2.0018e-04, boundary=4.9996e-01
INFO:__main__:  OPES: n_kernels=0, rct=-14.1346, ess=1.0000
INFO:committorch.training.protein_loop:Collected 5 snapshots, 0 OPES kernels total
INFO:__main__:Iteration 86: loss=5.0018e-01, bke=2.1969e-04, boundary=4.9996e-01
INFO:__main__:  OPES: n_kernels=0, rct=-14.1346, ess=1.0000
INFO:committorch.training.protein_loop:Collected 5 snapshots, 0 OPES kernels total
INFO:__main__:Iteration 87: loss=5.0019e-01, bke=2.3288e-04, boundary=4.9996e-01
INFO:__main__:  OPES: n_kernels=0, rct=-14.1346, ess=1.0000
INFO:committorch.training.protein_loop:Collected 5 snapshots, 0 OPES kernels total
INFO:__main__:Iteration 88: loss=5.0020e-01, bke=2.4323e-04, boundary=4.9996e-01
INFO:__main__:  OPES: n_kernels=0, rct=-14.1346, ess=1.0000
INFO:committorch.training.protein_loop:Collected 5 snapshots, 0 OPES kernels total
INFO:__main__:Iteration 89: loss=5.0022e-01, bke=2.5862e-04, boundary=4.9996e-01
INFO:__main__:  OPES: n_kernels=0, rct=-14.1346, ess=1.0000
INFO:committorch.training.protein_loop:Collected 5 snapshots, 0 OPES kernels total
INFO:__main__:Iteration 90: loss=5.0023e-01, bke=2.7745e-04, boundary=4.9996e-01
INFO:__main__:  OPES: n_kernels=0, rct=-14.1346, ess=1.0000
INFO:committorch.training.protein_loop:Collected 5 snapshots, 0 OPES kernels total
INFO:__main__:Iteration 91: loss=5.0025e-01, bke=2.9758e-04, boundary=4.9995e-01
INFO:__main__:  OPES: n_kernels=0, rct=-14.1346, ess=1.0000
INFO:committorch.training.protein_loop:Collected 5 snapshots, 0 OPES kernels total
INFO:__main__:Iteration 92: loss=5.0027e-01, bke=3.2138e-04, boundary=4.9995e-01
INFO:__main__:  OPES: n_kernels=0, rct=-14.1346, ess=1.0000
INFO:committorch.training.protein_loop:Collected 5 snapshots, 0 OPES kernels total
INFO:__main__:Iteration 93: loss=5.0028e-01, bke=3.3063e-04, boundary=4.9995e-01
INFO:__main__:  OPES: n_kernels=0, rct=-14.1346, ess=1.0000
INFO:committorch.training.protein_loop:Collected 5 snapshots, 0 OPES kernels total
INFO:__main__:Iteration 94: loss=5.0030e-01, bke=3.5097e-04, boundary=4.9995e-01
INFO:__main__:  OPES: n_kernels=0, rct=-14.1346, ess=1.0000
INFO:committorch.training.protein_loop:Collected 5 snapshots, 0 OPES kernels total
INFO:__main__:Iteration 95: loss=5.0032e-01, bke=3.7251e-04, boundary=4.9995e-01
INFO:__main__:  OPES: n_kernels=0, rct=-14.1346, ess=1.0000
INFO:committorch.training.protein_loop:Collected 5 snapshots, 0 OPES kernels total
INFO:__main__:Iteration 96: loss=5.0033e-01, bke=3.8766e-04, boundary=4.9995e-01
INFO:__main__:  OPES: n_kernels=0, rct=-14.1346, ess=1.0000
INFO:committorch.training.protein_loop:Collected 5 snapshots, 0 OPES kernels total
INFO:__main__:Iteration 97: loss=5.0037e-01, bke=4.2037e-04, boundary=4.9995e-01
INFO:__main__:  OPES: n_kernels=0, rct=-14.1346, ess=1.0000
INFO:committorch.training.protein_loop:Collected 5 snapshots, 0 OPES kernels total
INFO:__main__:Iteration 98: loss=5.0038e-01, bke=4.3192e-04, boundary=4.9994e-01
INFO:__main__:  OPES: n_kernels=0, rct=-14.1346, ess=1.0000
INFO:committorch.training.protein_loop:Collected 5 snapshots, 0 OPES kernels total
INFO:__main__:Iteration 99: loss=5.0041e-01, bke=4.6712e-04, boundary=4.9994e-01
INFO:__main__:  OPES: n_kernels=0, rct=-14.1346, ess=1.0000
INFO:committorch.training.protein_loop:Collected 5 snapshots, 0 OPES kernels total
INFO:__main__:Iteration 100: loss=5.0042e-01, bke=4.8492e-04, boundary=4.9994e-01
INFO:__main__:  OPES: n_kernels=0, rct=-14.1346, ess=1.0000
INFO:committorch.training.protein_loop:Collected 5 snapshots, 0 OPES kernels total
INFO:__main__:Iteration 101: loss=5.0044e-01, bke=5.0244e-04, boundary=4.9994e-01
INFO:__main__:  OPES: n_kernels=0, rct=-14.1346, ess=1.0000
INFO:committorch.training.protein_loop:Collected 5 snapshots, 0 OPES kernels total
INFO:__main__:Iteration 102: loss=5.0049e-01, bke=5.5060e-04, boundary=4.9994e-01
INFO:__main__:  OPES: n_kernels=0, rct=-14.1346, ess=1.0000
INFO:committorch.training.protein_loop:Collected 5 snapshots, 0 OPES kernels total
INFO:__main__:Iteration 103: loss=5.0053e-01, bke=5.9386e-04, boundary=4.9993e-01
INFO:__main__:  OPES: n_kernels=0, rct=-14.1346, ess=1.0000
INFO:committorch.training.protein_loop:Collected 5 snapshots, 0 OPES kernels total
INFO:__main__:Iteration 104: loss=5.0053e-01, bke=5.9852e-04, boundary=4.9993e-01
INFO:__main__:  OPES: n_kernels=0, rct=-14.1346, ess=1.0000
INFO:committorch.training.protein_loop:Collected 5 snapshots, 0 OPES kernels total
INFO:__main__:Iteration 105: loss=5.0057e-01, bke=6.4461e-04, boundary=4.9993e-01
INFO:__main__:  OPES: n_kernels=0, rct=-14.1346, ess=1.0000
INFO:committorch.training.protein_loop:Collected 5 snapshots, 0 OPES kernels total
INFO:__main__:Iteration 106: loss=5.0063e-01, bke=6.9819e-04, boundary=4.9993e-01
INFO:__main__:  OPES: n_kernels=0, rct=-14.1346, ess=1.0000
INFO:committorch.training.protein_loop:Collected 5 snapshots, 0 OPES kernels total
INFO:__main__:Iteration 107: loss=5.0066e-01, bke=7.3401e-04, boundary=4.9993e-01
INFO:__main__:  OPES: n_kernels=0, rct=-14.1346, ess=1.0000
INFO:committorch.training.protein_loop:Collected 5 snapshots, 0 OPES kernels total
INFO:__main__:Iteration 108: loss=5.0071e-01, bke=7.8396e-04, boundary=4.9992e-01
INFO:__main__:  OPES: n_kernels=0, rct=-14.1346, ess=1.0000
INFO:committorch.training.protein_loop:Collected 5 snapshots, 0 OPES kernels total
INFO:__main__:Iteration 109: loss=5.0074e-01, bke=8.2349e-04, boundary=4.9992e-01
INFO:__main__:  OPES: n_kernels=0, rct=-14.1346, ess=1.0000
INFO:committorch.training.protein_loop:Collected 5 snapshots, 0 OPES kernels total
INFO:__main__:Iteration 110: loss=5.0079e-01, bke=8.7422e-04, boundary=4.9992e-01
INFO:__main__:  OPES: n_kernels=0, rct=-14.1346, ess=1.0000
INFO:committorch.training.protein_loop:Collected 5 snapshots, 0 OPES kernels total
INFO:__main__:Iteration 111: loss=5.0087e-01, bke=9.4979e-04, boundary=4.9992e-01
INFO:__main__:  OPES: n_kernels=0, rct=-14.1346, ess=1.0000
INFO:committorch.training.protein_loop:Collected 5 snapshots, 0 OPES kernels total
INFO:__main__:Iteration 112: loss=5.0095e-01, bke=1.0387e-03, boundary=4.9991e-01
INFO:__main__:  OPES: n_kernels=0, rct=-14.1346, ess=1.0000
INFO:committorch.training.protein_loop:Collected 5 snapshots, 0 OPES kernels total
INFO:__main__:Iteration 113: loss=5.0101e-01, bke=1.1008e-03, boundary=4.9991e-01
INFO:__main__:  OPES: n_kernels=0, rct=-14.1346, ess=1.0000
INFO:committorch.training.protein_loop:Collected 5 snapshots, 0 OPES kernels total
INFO:__main__:Iteration 114: loss=5.0106e-01, bke=1.1508e-03, boundary=4.9991e-01
INFO:__main__:  OPES: n_kernels=0, rct=-14.1346, ess=1.0000
INFO:committorch.training.protein_loop:Collected 5 snapshots, 0 OPES kernels total
INFO:__main__:Iteration 115: loss=5.0109e-01, bke=1.1843e-03, boundary=4.9991e-01
INFO:__main__:  OPES: n_kernels=0, rct=-14.1346, ess=1.0000
INFO:committorch.training.protein_loop:Collected 5 snapshots, 0 OPES kernels total
INFO:__main__:Iteration 116: loss=5.0116e-01, bke=1.2543e-03, boundary=4.9990e-01
INFO:__main__:  OPES: n_kernels=0, rct=-14.1346, ess=1.0000
INFO:committorch.training.protein_loop:Collected 5 snapshots, 0 OPES kernels total
INFO:__main__:Iteration 117: loss=5.0126e-01, bke=1.3560e-03, boundary=4.9990e-01
INFO:__main__:  OPES: n_kernels=0, rct=-14.1346, ess=1.0000
INFO:committorch.training.protein_loop:Collected 5 snapshots, 0 OPES kernels total
INFO:__main__:Iteration 118: loss=5.0138e-01, bke=1.4824e-03, boundary=4.9990e-01
INFO:__main__:  OPES: n_kernels=0, rct=-14.1346, ess=1.0000
INFO:committorch.training.protein_loop:Collected 5 snapshots, 0 OPES kernels total
INFO:__main__:Iteration 119: loss=5.0143e-01, bke=1.5411e-03, boundary=4.9989e-01
INFO:__main__:  OPES: n_kernels=0, rct=-14.1346, ess=1.0000
INFO:committorch.training.protein_loop:Collected 5 snapshots, 0 OPES kernels total
INFO:__main__:Iteration 120: loss=5.0146e-01, bke=1.5746e-03, boundary=4.9989e-01
INFO:__main__:  OPES: n_kernels=0, rct=-14.1346, ess=1.0000
INFO:committorch.training.protein_loop:Collected 5 snapshots, 0 OPES kernels total
INFO:__main__:Iteration 121: loss=5.0158e-01, bke=1.6888e-03, boundary=4.9989e-01
INFO:__main__:  OPES: n_kernels=0, rct=-14.1346, ess=1.0000
INFO:committorch.training.protein_loop:Collected 5 snapshots, 0 OPES kernels total
INFO:__main__:Iteration 122: loss=5.0170e-01, bke=1.8141e-03, boundary=4.9988e-01
INFO:__main__:  OPES: n_kernels=0, rct=-14.1346, ess=1.0000
INFO:committorch.training.protein_loop:Collected 5 snapshots, 0 OPES kernels total
INFO:__main__:Iteration 123: loss=5.0185e-01, bke=1.9736e-03, boundary=4.9988e-01
INFO:__main__:  OPES: n_kernels=0, rct=-14.1346, ess=1.0000
INFO:committorch.training.protein_loop:Collected 5 snapshots, 0 OPES kernels total
INFO:__main__:Iteration 124: loss=5.0194e-01, bke=2.0695e-03, boundary=4.9988e-01
INFO:__main__:  OPES: n_kernels=0, rct=-14.1346, ess=1.0000
INFO:committorch.training.protein_loop:Collected 5 snapshots, 0 OPES kernels total
INFO:__main__:Iteration 125: loss=5.0203e-01, bke=2.1583e-03, boundary=4.9987e-01
INFO:__main__:  OPES: n_kernels=0, rct=-14.1346, ess=1.0000
INFO:committorch.training.protein_loop:Collected 5 snapshots, 0 OPES kernels total
INFO:__main__:Iteration 126: loss=5.0220e-01, bke=2.3330e-03, boundary=4.9987e-01
INFO:__main__:  OPES: n_kernels=0, rct=-14.1346, ess=1.0000
INFO:committorch.training.protein_loop:Collected 5 snapshots, 0 OPES kernels total
INFO:__main__:Iteration 127: loss=5.0237e-01, bke=2.5022e-03, boundary=4.9986e-01
INFO:__main__:  OPES: n_kernels=0, rct=-14.1346, ess=1.0000
INFO:committorch.training.protein_loop:Collected 5 snapshots, 0 OPES kernels total
INFO:__main__:Iteration 128: loss=5.0252e-01, bke=2.6660e-03, boundary=4.9986e-01
INFO:__main__:  OPES: n_kernels=0, rct=-14.1346, ess=1.0000
INFO:committorch.training.protein_loop:Collected 5 snapshots, 0 OPES kernels total
INFO:__main__:Iteration 129: loss=5.0267e-01, bke=2.8119e-03, boundary=4.9985e-01
INFO:__main__:  OPES: n_kernels=0, rct=-14.1346, ess=1.0000
INFO:committorch.training.protein_loop:Collected 5 snapshots, 0 OPES kernels total
INFO:__main__:Iteration 130: loss=5.0295e-01, bke=3.0984e-03, boundary=4.9985e-01
INFO:__main__:  OPES: n_kernels=0, rct=-14.1346, ess=1.0000
INFO:committorch.training.protein_loop:Collected 5 snapshots, 0 OPES kernels total
INFO:__main__:Iteration 131: loss=5.0313e-01, bke=3.2818e-03, boundary=4.9984e-01
INFO:__main__:  OPES: n_kernels=0, rct=-14.1346, ess=1.0000
INFO:committorch.training.protein_loop:Collected 5 snapshots, 0 OPES kernels total
INFO:__main__:Iteration 132: loss=5.0323e-01, bke=3.3909e-03, boundary=4.9984e-01
INFO:__main__:  OPES: n_kernels=0, rct=-14.1346, ess=1.0000
INFO:committorch.training.protein_loop:Collected 5 snapshots, 0 OPES kernels total
INFO:__main__:Iteration 133: loss=5.0349e-01, bke=3.6545e-03, boundary=4.9983e-01
INFO:__main__:  OPES: n_kernels=0, rct=-14.1346, ess=1.0000
INFO:committorch.training.protein_loop:Collected 5 snapshots, 0 OPES kernels total
INFO:__main__:Iteration 134: loss=5.0369e-01, bke=3.8632e-03, boundary=4.9983e-01
INFO:__main__:  OPES: n_kernels=0, rct=-14.1346, ess=1.0000
INFO:committorch.training.protein_loop:Collected 5 snapshots, 0 OPES kernels total
INFO:__main__:Iteration 135: loss=5.0402e-01, bke=4.1945e-03, boundary=4.9982e-01
INFO:__main__:  OPES: n_kernels=0, rct=-14.1346, ess=1.0000
INFO:committorch.training.protein_loop:Collected 5 snapshots, 0 OPES kernels total
INFO:__main__:Iteration 136: loss=5.0431e-01, bke=4.4936e-03, boundary=4.9982e-01
INFO:__main__:  OPES: n_kernels=0, rct=-14.1346, ess=1.0000
INFO:committorch.training.protein_loop:Collected 5 snapshots, 0 OPES kernels total
INFO:__main__:Iteration 137: loss=5.0430e-01, bke=4.4892e-03, boundary=4.9981e-01
INFO:__main__:  OPES: n_kernels=0, rct=-14.1346, ess=1.0000
INFO:committorch.training.protein_loop:Collected 5 snapshots, 0 OPES kernels total
INFO:__main__:Iteration 138: loss=5.0467e-01, bke=4.8680e-03, boundary=4.9981e-01
INFO:__main__:  OPES: n_kernels=0, rct=-14.1346, ess=1.0000
INFO:committorch.training.protein_loop:Collected 5 snapshots, 0 OPES kernels total
INFO:__main__:Iteration 139: loss=5.0505e-01, bke=5.2481e-03, boundary=4.9980e-01
INFO:__main__:  OPES: n_kernels=0, rct=-14.1346, ess=1.0000
INFO:committorch.training.protein_loop:Collected 5 snapshots, 0 OPES kernels total
INFO:__main__:Iteration 140: loss=5.0546e-01, bke=5.6699e-03, boundary=4.9979e-01
INFO:__main__:  OPES: n_kernels=0, rct=-14.1346, ess=1.0000
INFO:committorch.training.protein_loop:Collected 5 snapshots, 0 OPES kernels total
INFO:__main__:Iteration 141: loss=5.0579e-01, bke=6.0003e-03, boundary=4.9979e-01
INFO:__main__:  OPES: n_kernels=0, rct=-14.1346, ess=1.0000
INFO:committorch.training.protein_loop:Collected 5 snapshots, 0 OPES kernels total
INFO:__main__:Iteration 142: loss=5.0614e-01, bke=6.3617e-03, boundary=4.9978e-01
INFO:__main__:  OPES: n_kernels=0, rct=-14.1346, ess=1.0000
INFO:committorch.training.protein_loop:Collected 5 snapshots, 0 OPES kernels total
INFO:__main__:Iteration 143: loss=5.0650e-01, bke=6.7316e-03, boundary=4.9977e-01
INFO:__main__:  OPES: n_kernels=0, rct=-14.1346, ess=1.0000
INFO:committorch.training.protein_loop:Collected 5 snapshots, 0 OPES kernels total
INFO:__main__:Iteration 144: loss=5.0704e-01, bke=7.2763e-03, boundary=4.9977e-01
INFO:__main__:  OPES: n_kernels=0, rct=-14.1346, ess=1.0000
INFO:committorch.training.protein_loop:Collected 5 snapshots, 0 OPES kernels total
INFO:__main__:Iteration 145: loss=5.0745e-01, bke=7.6911e-03, boundary=4.9976e-01
INFO:__main__:  OPES: n_kernels=0, rct=-14.1346, ess=1.0000
INFO:committorch.training.protein_loop:Collected 5 snapshots, 0 OPES kernels total
INFO:__main__:Iteration 146: loss=5.0792e-01, bke=8.1748e-03, boundary=4.9975e-01
INFO:__main__:  OPES: n_kernels=0, rct=-14.1346, ess=1.0000
INFO:committorch.training.protein_loop:Collected 5 snapshots, 0 OPES kernels total
INFO:__main__:Iteration 147: loss=5.0841e-01, bke=8.6703e-03, boundary=4.9974e-01
INFO:__main__:  OPES: n_kernels=0, rct=-14.1346, ess=1.0000
INFO:committorch.training.protein_loop:Collected 5 snapshots, 0 OPES kernels total
INFO:__main__:Iteration 148: loss=5.0877e-01, bke=9.0375e-03, boundary=4.9973e-01
INFO:__main__:  OPES: n_kernels=0, rct=-14.1346, ess=1.0000
INFO:committorch.training.protein_loop:Collected 5 snapshots, 0 OPES kernels total
INFO:__main__:Iteration 149: loss=5.0971e-01, bke=9.9838e-03, boundary=4.9973e-01
INFO:__main__:  OPES: n_kernels=0, rct=-14.1346, ess=1.0000
INFO:committorch.training.protein_loop:Collected 5 snapshots, 0 OPES kernels total
INFO:__main__:Iteration 150: loss=5.1041e-01, bke=1.0693e-02, boundary=4.9972e-01
INFO:__main__:  OPES: n_kernels=0, rct=-14.1346, ess=1.0000
INFO:committorch.training.protein_loop:Collected 5 snapshots, 0 OPES kernels total
INFO:__main__:Iteration 151: loss=5.1148e-01, bke=1.1771e-02, boundary=4.9971e-01
INFO:__main__:  OPES: n_kernels=0, rct=-14.1346, ess=1.0000
INFO:committorch.training.protein_loop:Collected 5 snapshots, 0 OPES kernels total
INFO:__main__:Iteration 152: loss=5.1249e-01, bke=1.2794e-02, boundary=4.9970e-01
INFO:__main__:  OPES: n_kernels=0, rct=-14.1346, ess=1.0000
INFO:committorch.training.protein_loop:Collected 5 snapshots, 0 OPES kernels total
INFO:__main__:Iteration 153: loss=5.1266e-01, bke=1.2974e-02, boundary=4.9969e-01
INFO:__main__:  OPES: n_kernels=0, rct=-14.1346, ess=1.0000
INFO:committorch.training.protein_loop:Collected 5 snapshots, 0 OPES kernels total
INFO:__main__:Iteration 154: loss=5.1331e-01, bke=1.3632e-02, boundary=4.9968e-01
INFO:__main__:  OPES: n_kernels=0, rct=-14.1346, ess=1.0000
INFO:committorch.training.protein_loop:Collected 5 snapshots, 0 OPES kernels total
INFO:__main__:Iteration 155: loss=5.1445e-01, bke=1.4780e-02, boundary=4.9967e-01
INFO:__main__:  OPES: n_kernels=0, rct=-14.1346, ess=1.0000
INFO:committorch.training.protein_loop:Collected 5 snapshots, 0 OPES kernels total
INFO:__main__:Iteration 156: loss=5.1518e-01, bke=1.5525e-02, boundary=4.9966e-01
INFO:__main__:  OPES: n_kernels=0, rct=-14.1346, ess=1.0000
INFO:committorch.training.protein_loop:Collected 5 snapshots, 0 OPES kernels total
INFO:__main__:Iteration 157: loss=5.1624e-01, bke=1.6597e-02, boundary=4.9964e-01
INFO:__main__:  OPES: n_kernels=0, rct=-14.1346, ess=1.0000
INFO:committorch.training.protein_loop:Collected 5 snapshots, 0 OPES kernels total
INFO:__main__:Iteration 158: loss=5.1745e-01, bke=1.7817e-02, boundary=4.9963e-01
INFO:__main__:  OPES: n_kernels=0, rct=-14.1346, ess=1.0000
INFO:committorch.training.protein_loop:Collected 5 snapshots, 0 OPES kernels total
INFO:__main__:Iteration 159: loss=5.1900e-01, bke=1.9382e-02, boundary=4.9962e-01
INFO:__main__:  OPES: n_kernels=0, rct=-14.1346, ess=1.0000
INFO:committorch.training.protein_loop:Collected 5 snapshots, 0 OPES kernels total
INFO:__main__:Iteration 160: loss=5.2016e-01, bke=2.0556e-02, boundary=4.9961e-01
INFO:__main__:  OPES: n_kernels=0, rct=-14.1346, ess=1.0000
INFO:committorch.training.protein_loop:Collected 5 snapshots, 0 OPES kernels total
INFO:__main__:Iteration 161: loss=5.2113e-01, bke=2.1539e-02, boundary=4.9960e-01
INFO:__main__:  OPES: n_kernels=0, rct=-14.1346, ess=1.0000
INFO:committorch.training.protein_loop:Collected 5 snapshots, 0 OPES kernels total
INFO:__main__:Iteration 162: loss=5.2252e-01, bke=2.2942e-02, boundary=4.9958e-01
INFO:__main__:  OPES: n_kernels=0, rct=-14.1346, ess=1.0000
INFO:committorch.training.protein_loop:Collected 5 snapshots, 0 OPES kernels total
INFO:__main__:Iteration 163: loss=5.2394e-01, bke=2.4367e-02, boundary=4.9957e-01
INFO:__main__:  OPES: n_kernels=0, rct=-14.1346, ess=1.0000
INFO:committorch.training.protein_loop:Collected 5 snapshots, 0 OPES kernels total
INFO:__main__:Iteration 164: loss=5.2564e-01, bke=2.6085e-02, boundary=4.9955e-01
INFO:__main__:  OPES: n_kernels=0, rct=-14.1346, ess=1.0000
INFO:committorch.training.protein_loop:Collected 5 snapshots, 0 OPES kernels total
INFO:__main__:Iteration 165: loss=5.2725e-01, bke=2.7704e-02, boundary=4.9954e-01
INFO:__main__:  OPES: n_kernels=0, rct=-14.1346, ess=1.0000
INFO:committorch.training.protein_loop:Collected 5 snapshots, 0 OPES kernels total
INFO:__main__:Iteration 166: loss=5.2983e-01, bke=3.0309e-02, boundary=4.9953e-01
INFO:__main__:  OPES: n_kernels=0, rct=-14.1346, ess=1.0000
INFO:committorch.training.protein_loop:Collected 5 snapshots, 0 OPES kernels total
INFO:__main__:Iteration 167: loss=5.3206e-01, bke=3.2552e-02, boundary=4.9951e-01
INFO:__main__:  OPES: n_kernels=0, rct=-14.1346, ess=1.0000
INFO:committorch.training.protein_loop:Collected 5 snapshots, 0 OPES kernels total
INFO:__main__:Iteration 168: loss=5.3407e-01, bke=3.4570e-02, boundary=4.9950e-01
INFO:__main__:  OPES: n_kernels=0, rct=-14.1346, ess=1.0000
INFO:committorch.training.protein_loop:Collected 5 snapshots, 0 OPES kernels total
INFO:__main__:Iteration 169: loss=5.3483e-01, bke=3.5347e-02, boundary=4.9948e-01
INFO:__main__:  OPES: n_kernels=0, rct=-14.1346, ess=1.0000
INFO:committorch.training.protein_loop:Collected 5 snapshots, 0 OPES kernels total
INFO:__main__:Iteration 170: loss=5.2829e-01, bke=2.8783e-02, boundary=4.9950e-01
INFO:__main__:  OPES: n_kernels=0, rct=-14.1346, ess=1.0000
INFO:committorch.training.protein_loop:Collected 5 snapshots, 0 OPES kernels total
INFO:__main__:Iteration 171: loss=5.4026e-01, bke=4.0814e-02, boundary=4.9945e-01
INFO:__main__:  OPES: n_kernels=0, rct=-14.1346, ess=1.0000
INFO:committorch.training.protein_loop:Collected 5 snapshots, 0 OPES kernels total
INFO:__main__:Iteration 172: loss=5.4122e-01, bke=4.1781e-02, boundary=4.9943e-01
INFO:__main__:  OPES: n_kernels=0, rct=-14.1346, ess=1.0000
INFO:committorch.training.protein_loop:Collected 5 snapshots, 0 OPES kernels total
INFO:__main__:Iteration 173: loss=5.4342e-01, bke=4.4001e-02, boundary=4.9942e-01
INFO:__main__:  OPES: n_kernels=0, rct=-14.1346, ess=1.0000
INFO:committorch.training.protein_loop:Collected 5 snapshots, 0 OPES kernels total
INFO:__main__:Iteration 174: loss=5.4126e-01, bke=4.1824e-02, boundary=4.9943e-01
INFO:__main__:  OPES: n_kernels=0, rct=-14.1346, ess=1.0000
INFO:committorch.training.protein_loop:Collected 5 snapshots, 0 OPES kernels total
INFO:__main__:Iteration 175: loss=5.4898e-01, bke=4.9593e-02, boundary=4.9938e-01
INFO:__main__:  OPES: n_kernels=0, rct=-14.1346, ess=1.0000
INFO:committorch.training.protein_loop:Collected 5 snapshots, 0 OPES kernels total
INFO:__main__:Iteration 176: loss=5.5240e-01, bke=5.3037e-02, boundary=4.9937e-01
INFO:__main__:  OPES: n_kernels=0, rct=-14.1346, ess=1.0000
INFO:committorch.training.protein_loop:Collected 5 snapshots, 0 OPES kernels total
INFO:__main__:Iteration 177: loss=5.3960e-01, bke=4.0174e-02, boundary=4.9943e-01
INFO:__main__:  OPES: n_kernels=0, rct=-14.1346, ess=1.0000
INFO:committorch.training.protein_loop:Collected 5 snapshots, 0 OPES kernels total
INFO:__main__:Iteration 178: loss=5.5825e-01, bke=5.8918e-02, boundary=4.9934e-01
INFO:__main__:  OPES: n_kernels=0, rct=-14.1346, ess=1.0000
INFO:committorch.training.protein_loop:Collected 5 snapshots, 0 OPES kernels total
INFO:__main__:Iteration 179: loss=5.6074e-01, bke=6.1419e-02, boundary=4.9932e-01
INFO:__main__:  OPES: n_kernels=0, rct=-14.1346, ess=1.0000
INFO:committorch.training.protein_loop:Collected 5 snapshots, 0 OPES kernels total
INFO:__main__:Iteration 180: loss=5.6527e-01, bke=6.5956e-02, boundary=4.9931e-01
INFO:__main__:  OPES: n_kernels=0, rct=-14.1346, ess=1.0000
INFO:committorch.training.protein_loop:Collected 5 snapshots, 0 OPES kernels total
INFO:__main__:Iteration 181: loss=5.6715e-01, bke=6.7852e-02, boundary=4.9930e-01
INFO:__main__:  OPES: n_kernels=0, rct=-14.1346, ess=1.0000
INFO:committorch.training.protein_loop:Collected 5 snapshots, 0 OPES kernels total
INFO:__main__:Iteration 182: loss=5.7193e-01, bke=7.2658e-02, boundary=4.9928e-01
INFO:__main__:  OPES: n_kernels=0, rct=-14.1346, ess=1.0000
INFO:committorch.training.protein_loop:Collected 5 snapshots, 0 OPES kernels total
INFO:__main__:Iteration 183: loss=5.6793e-01, bke=6.8634e-02, boundary=4.9929e-01
INFO:__main__:  OPES: n_kernels=0, rct=-14.1346, ess=1.0000
INFO:committorch.training.protein_loop:Collected 5 snapshots, 0 OPES kernels total
INFO:__main__:Iteration 184: loss=5.4338e-01, bke=4.3975e-02, boundary=4.9941e-01
INFO:__main__:  OPES: n_kernels=0, rct=-14.1346, ess=1.0000
INFO:committorch.training.protein_loop:Collected 5 snapshots, 0 OPES kernels total
INFO:__main__:Iteration 185: loss=5.7434e-01, bke=7.5082e-02, boundary=4.9926e-01
INFO:__main__:  OPES: n_kernels=0, rct=-14.1346, ess=1.0000
INFO:committorch.training.protein_loop:Collected 5 snapshots, 0 OPES kernels total
INFO:__main__:Iteration 186: loss=5.7604e-01, bke=7.6792e-02, boundary=4.9925e-01
INFO:__main__:  OPES: n_kernels=0, rct=-14.1346, ess=1.0000
INFO:committorch.training.protein_loop:Collected 5 snapshots, 0 OPES kernels total
INFO:__main__:Iteration 187: loss=5.8090e-01, bke=8.1671e-02, boundary=4.9923e-01
INFO:__main__:  OPES: n_kernels=0, rct=-14.1346, ess=1.0000
INFO:committorch.training.protein_loop:Collected 5 snapshots, 0 OPES kernels total
INFO:__main__:Iteration 188: loss=5.8225e-01, bke=8.3034e-02, boundary=4.9921e-01
INFO:__main__:  OPES: n_kernels=0, rct=-14.1346, ess=1.0000
INFO:committorch.training.protein_loop:Collected 5 snapshots, 0 OPES kernels total
INFO:__main__:Iteration 189: loss=5.8812e-01, bke=8.8926e-02, boundary=4.9919e-01
INFO:__main__:  OPES: n_kernels=0, rct=-14.1346, ess=1.0000
INFO:committorch.training.protein_loop:Collected 5 snapshots, 0 OPES kernels total
INFO:__main__:Iteration 190: loss=5.9277e-01, bke=9.3600e-02, boundary=4.9917e-01
INFO:__main__:  OPES: n_kernels=0, rct=-14.1346, ess=1.0000
INFO:committorch.training.protein_loop:Collected 5 snapshots, 0 OPES kernels total
INFO:__main__:Iteration 191: loss=5.9390e-01, bke=9.4749e-02, boundary=4.9915e-01
INFO:__main__:  OPES: n_kernels=0, rct=-14.1346, ess=1.0000
INFO:committorch.training.protein_loop:Collected 5 snapshots, 0 OPES kernels total
INFO:__main__:Iteration 192: loss=5.9788e-01, bke=9.8751e-02, boundary=4.9913e-01
INFO:__main__:  OPES: n_kernels=0, rct=-14.1346, ess=1.0000
INFO:committorch.training.protein_loop:Collected 5 snapshots, 0 OPES kernels total
INFO:__main__:Iteration 193: loss=6.0218e-01, bke=1.0307e-01, boundary=4.9911e-01
INFO:__main__:  OPES: n_kernels=0, rct=-14.1346, ess=1.0000
INFO:committorch.training.protein_loop:Collected 5 snapshots, 0 OPES kernels total
INFO:__main__:Iteration 194: loss=6.0695e-01, bke=1.0786e-01, boundary=4.9909e-01
INFO:__main__:  OPES: n_kernels=0, rct=-14.1346, ess=1.0000
INFO:committorch.training.protein_loop:Collected 5 snapshots, 0 OPES kernels total
INFO:__main__:Iteration 195: loss=6.1629e-01, bke=1.1722e-01, boundary=4.9906e-01
INFO:__main__:  OPES: n_kernels=0, rct=-14.1346, ess=1.0000
INFO:committorch.training.protein_loop:Collected 5 snapshots, 0 OPES kernels total
INFO:__main__:Iteration 196: loss=6.2036e-01, bke=1.2132e-01, boundary=4.9904e-01
INFO:__main__:  OPES: n_kernels=0, rct=-14.1346, ess=1.0000
INFO:committorch.training.protein_loop:Collected 5 snapshots, 0 OPES kernels total
INFO:__main__:Iteration 197: loss=6.2267e-01, bke=1.2365e-01, boundary=4.9902e-01
INFO:__main__:  OPES: n_kernels=0, rct=-14.1346, ess=1.0000
INFO:committorch.training.protein_loop:Collected 5 snapshots, 0 OPES kernels total
INFO:__main__:Iteration 198: loss=6.3012e-01, bke=1.3112e-01, boundary=4.9900e-01
INFO:__main__:  OPES: n_kernels=0, rct=-14.1346, ess=1.0000
INFO:committorch.training.protein_loop:Collected 5 snapshots, 0 OPES kernels total
INFO:__main__:Iteration 199: loss=6.3354e-01, bke=1.3456e-01, boundary=4.9898e-01
INFO:__main__:  OPES: n_kernels=0, rct=-14.1346, ess=1.0000
INFO:committorch.training.protein_loop:Collected 5 snapshots, 0 OPES kernels total
INFO:__main__:Iteration 200: loss=6.3947e-01, bke=1.4052e-01, boundary=4.9895e-01
INFO:__main__:  OPES: n_kernels=0, rct=-14.1346, ess=1.0000
INFO:committorch.training.protein_loop:Collected 5 snapshots, 0 OPES kernels total
INFO:__main__:Iteration 201: loss=6.4917e-01, bke=1.5025e-01, boundary=4.9893e-01
INFO:__main__:  OPES: n_kernels=0, rct=-14.1346, ess=1.0000
INFO:committorch.training.protein_loop:Collected 5 snapshots, 0 OPES kernels total
INFO:__main__:Iteration 202: loss=6.5484e-01, bke=1.5594e-01, boundary=4.9890e-01
INFO:__main__:  OPES: n_kernels=0, rct=-14.1346, ess=1.0000
INFO:committorch.training.protein_loop:Collected 5 snapshots, 0 OPES kernels total
INFO:__main__:Iteration 203: loss=6.6350e-01, bke=1.6462e-01, boundary=4.9887e-01
INFO:__main__:  OPES: n_kernels=0, rct=-14.1346, ess=1.0000
INFO:committorch.training.protein_loop:Collected 5 snapshots, 0 OPES kernels total
INFO:__main__:Iteration 204: loss=6.7048e-01, bke=1.7164e-01, boundary=4.9885e-01
INFO:__main__:  OPES: n_kernels=0, rct=-14.1346, ess=1.0000
INFO:committorch.training.protein_loop:Collected 5 snapshots, 0 OPES kernels total
INFO:__main__:Iteration 205: loss=6.8050e-01, bke=1.8168e-01, boundary=4.9882e-01
INFO:__main__:  OPES: n_kernels=0, rct=-14.1346, ess=1.0000
INFO:committorch.training.protein_loop:Collected 5 snapshots, 0 OPES kernels total
INFO:__main__:Iteration 206: loss=6.9309e-01, bke=1.9430e-01, boundary=4.9879e-01
INFO:__main__:  OPES: n_kernels=0, rct=-14.1346, ess=1.0000
INFO:committorch.training.protein_loop:Collected 5 snapshots, 0 OPES kernels total
INFO:__main__:Iteration 207: loss=6.9990e-01, bke=2.0114e-01, boundary=4.9876e-01
INFO:__main__:  OPES: n_kernels=0, rct=-14.1346, ess=1.0000
INFO:committorch.training.protein_loop:Collected 5 snapshots, 0 OPES kernels total
INFO:__main__:Iteration 208: loss=7.0637e-01, bke=2.0764e-01, boundary=4.9873e-01
INFO:__main__:  OPES: n_kernels=0, rct=-14.1346, ess=1.0000
INFO:committorch.training.protein_loop:Collected 5 snapshots, 0 OPES kernels total
INFO:__main__:Iteration 209: loss=7.1577e-01, bke=2.1707e-01, boundary=4.9870e-01
INFO:__main__:  OPES: n_kernels=0, rct=-14.1346, ess=1.0000
INFO:committorch.training.protein_loop:Collected 5 snapshots, 0 OPES kernels total
INFO:__main__:Iteration 210: loss=7.2892e-01, bke=2.3025e-01, boundary=4.9867e-01
INFO:__main__:  OPES: n_kernels=0, rct=-14.1346, ess=1.0000
INFO:committorch.training.protein_loop:Collected 5 snapshots, 0 OPES kernels total
INFO:__main__:Iteration 211: loss=7.3744e-01, bke=2.3881e-01, boundary=4.9863e-01
INFO:__main__:  OPES: n_kernels=0, rct=-14.1346, ess=1.0000
INFO:committorch.training.protein_loop:Collected 5 snapshots, 0 OPES kernels total
INFO:__main__:Iteration 212: loss=7.5681e-01, bke=2.5821e-01, boundary=4.9860e-01
INFO:__main__:  OPES: n_kernels=0, rct=-14.1346, ess=1.0000
INFO:committorch.training.protein_loop:Collected 5 snapshots, 0 OPES kernels total
INFO:__main__:Iteration 213: loss=7.7348e-01, bke=2.7492e-01, boundary=4.9857e-01
INFO:__main__:  OPES: n_kernels=0, rct=-14.1346, ess=1.0000
INFO:committorch.training.protein_loop:Collected 5 snapshots, 0 OPES kernels total
INFO:__main__:Iteration 214: loss=7.8183e-01, bke=2.8330e-01, boundary=4.9853e-01
INFO:__main__:  OPES: n_kernels=0, rct=-14.1346, ess=1.0000
INFO:committorch.training.protein_loop:Collected 5 snapshots, 0 OPES kernels total
INFO:__main__:Iteration 215: loss=7.8924e-01, bke=2.9074e-01, boundary=4.9849e-01
INFO:__main__:  OPES: n_kernels=0, rct=-14.1346, ess=1.0000
INFO:committorch.training.protein_loop:Collected 5 snapshots, 0 OPES kernels total
INFO:__main__:Iteration 216: loss=8.1018e-01, bke=3.1172e-01, boundary=4.9846e-01
INFO:__main__:  OPES: n_kernels=0, rct=-14.1346, ess=1.0000
INFO:committorch.training.protein_loop:Collected 5 snapshots, 0 OPES kernels total
INFO:__main__:Iteration 217: loss=8.3534e-01, bke=3.3692e-01, boundary=4.9842e-01
INFO:__main__:  OPES: n_kernels=0, rct=-14.1346, ess=1.0000
INFO:committorch.training.protein_loop:Collected 5 snapshots, 0 OPES kernels total
INFO:__main__:Iteration 218: loss=8.5052e-01, bke=3.5214e-01, boundary=4.9838e-01
INFO:__main__:  OPES: n_kernels=0, rct=-14.1346, ess=1.0000
INFO:committorch.training.protein_loop:Collected 5 snapshots, 0 OPES kernels total
INFO:__main__:Iteration 219: loss=8.7098e-01, bke=3.7265e-01, boundary=4.9834e-01
INFO:__main__:  OPES: n_kernels=0, rct=-14.1346, ess=1.0000
INFO:committorch.training.protein_loop:Collected 5 snapshots, 0 OPES kernels total
INFO:__main__:Iteration 220: loss=8.8793e-01, bke=3.8964e-01, boundary=4.9830e-01
INFO:__main__:  OPES: n_kernels=0, rct=-14.1346, ess=1.0000
INFO:committorch.training.protein_loop:Collected 5 snapshots, 0 OPES kernels total
INFO:__main__:Iteration 221: loss=9.0135e-01, bke=4.0310e-01, boundary=4.9826e-01
INFO:__main__:  OPES: n_kernels=0, rct=-14.1346, ess=1.0000
INFO:committorch.training.protein_loop:Collected 5 snapshots, 0 OPES kernels total
INFO:__main__:Iteration 222: loss=9.2270e-01, bke=4.2449e-01, boundary=4.9821e-01
INFO:__main__:  OPES: n_kernels=0, rct=-14.1346, ess=1.0000
INFO:committorch.training.protein_loop:Collected 5 snapshots, 0 OPES kernels total
INFO:__main__:Iteration 223: loss=9.4912e-01, bke=4.5095e-01, boundary=4.9817e-01
INFO:__main__:  OPES: n_kernels=0, rct=-14.1346, ess=1.0000
INFO:committorch.training.protein_loop:Collected 5 snapshots, 0 OPES kernels total
INFO:__main__:Iteration 224: loss=9.5901e-01, bke=4.6089e-01, boundary=4.9812e-01
INFO:__main__:  OPES: n_kernels=0, rct=-14.1346, ess=1.0000
INFO:committorch.training.protein_loop:Collected 5 snapshots, 0 OPES kernels total
INFO:__main__:Iteration 225: loss=9.9125e-01, bke=4.9318e-01, boundary=4.9808e-01
INFO:__main__:  OPES: n_kernels=0, rct=-14.1346, ess=1.0000
INFO:committorch.training.protein_loop:Collected 5 snapshots, 0 OPES kernels total
INFO:__main__:Iteration 226: loss=1.0129e+00, bke=5.1488e-01, boundary=4.9803e-01
INFO:__main__:  OPES: n_kernels=0, rct=-14.1346, ess=1.0000
INFO:committorch.training.protein_loop:Collected 5 snapshots, 0 OPES kernels total
INFO:__main__:Iteration 227: loss=1.0318e+00, bke=5.3385e-01, boundary=4.9798e-01
INFO:__main__:  OPES: n_kernels=0, rct=-14.1346, ess=1.0000
INFO:committorch.training.protein_loop:Collected 5 snapshots, 0 OPES kernels total
INFO:__main__:Iteration 228: loss=1.0248e+00, bke=5.2684e-01, boundary=4.9793e-01
INFO:__main__:  OPES: n_kernels=0, rct=-14.1346, ess=1.0000
INFO:committorch.training.protein_loop:Collected 5 snapshots, 0 OPES kernels total
INFO:__main__:Iteration 229: loss=1.0150e+00, bke=5.1715e-01, boundary=4.9788e-01
INFO:__main__:  OPES: n_kernels=0, rct=-14.1346, ess=1.0000
INFO:committorch.training.protein_loop:Collected 5 snapshots, 0 OPES kernels total
INFO:__main__:Iteration 230: loss=1.1141e+00, bke=6.1622e-01, boundary=4.9783e-01
INFO:__main__:  OPES: n_kernels=0, rct=-14.1346, ess=1.0000
INFO:committorch.training.protein_loop:Collected 5 snapshots, 0 OPES kernels total
INFO:__main__:Iteration 231: loss=1.1381e+00, bke=6.4033e-01, boundary=4.9778e-01
INFO:__main__:  OPES: n_kernels=0, rct=-14.1346, ess=1.0000
INFO:committorch.training.protein_loop:Collected 5 snapshots, 0 OPES kernels total
INFO:__main__:Iteration 232: loss=1.1795e+00, bke=6.8179e-01, boundary=4.9773e-01
INFO:__main__:  OPES: n_kernels=0, rct=-14.1346, ess=1.0000
INFO:committorch.training.protein_loop:Collected 5 snapshots, 0 OPES kernels total
INFO:__main__:Iteration 233: loss=1.2172e+00, bke=7.1955e-01, boundary=4.9767e-01
INFO:__main__:  OPES: n_kernels=0, rct=-14.1346, ess=1.0000
INFO:committorch.training.protein_loop:Collected 5 snapshots, 0 OPES kernels total
INFO:__main__:Iteration 234: loss=1.2020e+00, bke=7.0438e-01, boundary=4.9763e-01
INFO:__main__:  OPES: n_kernels=0, rct=-14.1346, ess=1.0000
INFO:committorch.training.protein_loop:Collected 5 snapshots, 0 OPES kernels total
INFO:__main__:Iteration 235: loss=1.2919e+00, bke=7.9437e-01, boundary=4.9756e-01
INFO:__main__:  OPES: n_kernels=0, rct=-14.1346, ess=1.0000
INFO:committorch.training.protein_loop:Collected 5 snapshots, 0 OPES kernels total
INFO:__main__:Iteration 236: loss=1.3230e+00, bke=8.2551e-01, boundary=4.9750e-01
INFO:__main__:  OPES: n_kernels=0, rct=-14.1346, ess=1.0000
INFO:committorch.training.protein_loop:Collected 5 snapshots, 0 OPES kernels total
INFO:__main__:Iteration 237: loss=1.3741e+00, bke=8.7664e-01, boundary=4.9744e-01
INFO:__main__:  OPES: n_kernels=0, rct=-14.1346, ess=1.0000
INFO:committorch.training.protein_loop:Collected 5 snapshots, 0 OPES kernels total
INFO:__main__:Iteration 238: loss=1.3100e+00, bke=8.1251e-01, boundary=4.9746e-01
INFO:__main__:  OPES: n_kernels=0, rct=-14.1346, ess=1.0000
INFO:committorch.training.protein_loop:Collected 5 snapshots, 0 OPES kernels total
INFO:__main__:Iteration 239: loss=1.4276e+00, bke=9.3023e-01, boundary=4.9733e-01
INFO:__main__:  OPES: n_kernels=0, rct=-14.1346, ess=1.0000
INFO:committorch.training.protein_loop:Collected 5 snapshots, 0 OPES kernels total
INFO:__main__:Iteration 240: loss=1.4853e+00, bke=9.8802e-01, boundary=4.9727e-01
INFO:__main__:  OPES: n_kernels=0, rct=-14.1346, ess=1.0000
INFO:committorch.training.protein_loop:Collected 5 snapshots, 0 OPES kernels total
INFO:__main__:Iteration 241: loss=1.5192e+00, bke=1.0220e+00, boundary=4.9723e-01
INFO:__main__:  OPES: n_kernels=0, rct=-14.1346, ess=1.0000
INFO:committorch.training.protein_loop:Collected 5 snapshots, 0 OPES kernels total
INFO:__main__:Iteration 242: loss=1.5675e+00, bke=1.0704e+00, boundary=4.9715e-01
INFO:__main__:  OPES: n_kernels=0, rct=-14.1346, ess=1.0000
INFO:committorch.training.protein_loop:Collected 5 snapshots, 0 OPES kernels total
INFO:__main__:Iteration 243: loss=1.5871e+00, bke=1.0900e+00, boundary=4.9709e-01
INFO:__main__:  OPES: n_kernels=0, rct=-14.1346, ess=1.0000
INFO:committorch.training.protein_loop:Collected 5 snapshots, 0 OPES kernels total
INFO:__main__:Iteration 244: loss=1.6508e+00, bke=1.1538e+00, boundary=4.9702e-01
INFO:__main__:  OPES: n_kernels=0, rct=-14.1346, ess=1.0000
INFO:committorch.training.protein_loop:Collected 5 snapshots, 0 OPES kernels total
INFO:__main__:Iteration 245: loss=1.5166e+00, bke=1.0195e+00, boundary=4.9702e-01
INFO:__main__:  OPES: n_kernels=0, rct=-14.1346, ess=1.0000
INFO:committorch.training.protein_loop:Collected 5 snapshots, 0 OPES kernels total
INFO:__main__:Iteration 246: loss=1.6238e+00, bke=1.1268e+00, boundary=4.9699e-01
INFO:__main__:  OPES: n_kernels=0, rct=-14.1346, ess=1.0000
INFO:committorch.training.protein_loop:Collected 5 snapshots, 0 OPES kernels total
INFO:__main__:Iteration 247: loss=1.8463e+00, bke=1.3495e+00, boundary=4.9682e-01
INFO:__main__:  OPES: n_kernels=0, rct=-14.1346, ess=1.0000
INFO:committorch.training.protein_loop:Collected 5 snapshots, 0 OPES kernels total
INFO:__main__:Iteration 248: loss=1.9089e+00, bke=1.4122e+00, boundary=4.9677e-01
INFO:__main__:  OPES: n_kernels=0, rct=-14.1346, ess=1.0000
INFO:committorch.training.protein_loop:Collected 5 snapshots, 0 OPES kernels total
INFO:__main__:Iteration 249: loss=1.9366e+00, bke=1.4399e+00, boundary=4.9670e-01
INFO:__main__:  OPES: n_kernels=0, rct=-14.1346, ess=1.0000
INFO:committorch.training.protein_loop:Collected 5 snapshots, 0 OPES kernels total
INFO:__main__:Iteration 250: loss=1.9883e+00, bke=1.4917e+00, boundary=4.9662e-01
INFO:__main__:  OPES: n_kernels=0, rct=-14.1346, ess=1.0000
INFO:committorch.training.protein_loop:Collected 5 snapshots, 0 OPES kernels total
INFO:__main__:Iteration 251: loss=1.5757e+00, bke=1.0788e+00, boundary=4.9694e-01
INFO:__main__:  OPES: n_kernels=0, rct=-14.1346, ess=1.0000
INFO:committorch.training.protein_loop:Collected 5 snapshots, 0 OPES kernels total
INFO:__main__:Iteration 252: loss=1.8639e+00, bke=1.3673e+00, boundary=4.9661e-01
INFO:__main__:  OPES: n_kernels=0, rct=-14.1346, ess=1.0000
INFO:committorch.training.protein_loop:Collected 5 snapshots, 0 OPES kernels total
INFO:__main__:Iteration 253: loss=2.1818e+00, bke=1.6854e+00, boundary=4.9644e-01
INFO:__main__:  OPES: n_kernels=0, rct=-14.1346, ess=1.0000
INFO:committorch.training.protein_loop:Collected 5 snapshots, 0 OPES kernels total
INFO:__main__:Iteration 254: loss=2.1952e+00, bke=1.6988e+00, boundary=4.9645e-01
INFO:__main__:  OPES: n_kernels=0, rct=-14.1346, ess=1.0000
INFO:committorch.training.protein_loop:Collected 5 snapshots, 0 OPES kernels total
INFO:__main__:Iteration 255: loss=2.2596e+00, bke=1.7632e+00, boundary=4.9639e-01
INFO:__main__:  OPES: n_kernels=0, rct=-14.1346, ess=1.0000
INFO:committorch.training.protein_loop:Collected 5 snapshots, 0 OPES kernels total
INFO:__main__:Iteration 256: loss=2.3529e+00, bke=1.8566e+00, boundary=4.9633e-01
INFO:__main__:  OPES: n_kernels=0, rct=-14.1346, ess=1.0000
INFO:committorch.training.protein_loop:Collected 5 snapshots, 0 OPES kernels total
INFO:__main__:Iteration 257: loss=2.4771e+00, bke=1.9809e+00, boundary=4.9622e-01
INFO:__main__:  OPES: n_kernels=0, rct=-14.1346, ess=1.0000
INFO:committorch.training.protein_loop:Collected 5 snapshots, 0 OPES kernels total
INFO:__main__:Iteration 258: loss=2.5388e+00, bke=2.0427e+00, boundary=4.9610e-01
INFO:__main__:  OPES: n_kernels=0, rct=-14.1346, ess=1.0000
INFO:committorch.training.protein_loop:Collected 5 snapshots, 0 OPES kernels total
INFO:__main__:Iteration 259: loss=2.6018e+00, bke=2.1058e+00, boundary=4.9600e-01
INFO:__main__:  OPES: n_kernels=0, rct=-14.1346, ess=1.0000
INFO:committorch.training.protein_loop:Collected 5 snapshots, 0 OPES kernels total
INFO:__main__:Iteration 260: loss=2.6192e+00, bke=2.1232e+00, boundary=4.9599e-01
INFO:__main__:  OPES: n_kernels=0, rct=-14.1346, ess=1.0000
INFO:committorch.training.protein_loop:Collected 5 snapshots, 0 OPES kernels total
INFO:__main__:Iteration 261: loss=2.7163e+00, bke=2.2204e+00, boundary=4.9589e-01
INFO:__main__:  OPES: n_kernels=0, rct=-14.1346, ess=1.0000
INFO:committorch.training.protein_loop:Collected 5 snapshots, 0 OPES kernels total
INFO:__main__:Iteration 262: loss=2.7960e+00, bke=2.3002e+00, boundary=4.9581e-01
INFO:__main__:  OPES: n_kernels=0, rct=-14.1346, ess=1.0000
INFO:committorch.training.protein_loop:Collected 5 snapshots, 0 OPES kernels total
INFO:__main__:Iteration 263: loss=2.8298e+00, bke=2.3341e+00, boundary=4.9571e-01
INFO:__main__:  OPES: n_kernels=0, rct=-14.1346, ess=1.0000
INFO:committorch.training.protein_loop:Collected 5 snapshots, 0 OPES kernels total
INFO:__main__:Iteration 264: loss=2.9892e+00, bke=2.4936e+00, boundary=4.9563e-01
INFO:__main__:  OPES: n_kernels=0, rct=-14.1346, ess=1.0000
INFO:committorch.training.protein_loop:Collected 5 snapshots, 0 OPES kernels total
INFO:__main__:Iteration 265: loss=3.0536e+00, bke=2.5581e+00, boundary=4.9556e-01
INFO:__main__:  OPES: n_kernels=0, rct=-14.1346, ess=1.0000
INFO:committorch.training.protein_loop:Collected 5 snapshots, 0 OPES kernels total
INFO:__main__:Iteration 266: loss=3.2415e+00, bke=2.7461e+00, boundary=4.9548e-01
INFO:__main__:  OPES: n_kernels=0, rct=-14.1346, ess=1.0000
INFO:committorch.training.protein_loop:Collected 5 snapshots, 0 OPES kernels total
INFO:__main__:Iteration 267: loss=3.3657e+00, bke=2.8703e+00, boundary=4.9540e-01
INFO:__main__:  OPES: n_kernels=0, rct=-14.1346, ess=1.0000
INFO:committorch.training.protein_loop:Collected 5 snapshots, 0 OPES kernels total
INFO:__main__:Iteration 268: loss=3.3479e+00, bke=2.8526e+00, boundary=4.9531e-01
INFO:__main__:  OPES: n_kernels=0, rct=-14.1346, ess=1.0000
INFO:committorch.training.protein_loop:Collected 5 snapshots, 0 OPES kernels total
INFO:__main__:Iteration 269: loss=3.4493e+00, bke=2.9541e+00, boundary=4.9522e-01
INFO:__main__:  OPES: n_kernels=0, rct=-14.1346, ess=1.0000
INFO:committorch.training.protein_loop:Collected 5 snapshots, 0 OPES kernels total
INFO:__main__:Iteration 270: loss=3.6520e+00, bke=3.1569e+00, boundary=4.9513e-01
INFO:__main__:  OPES: n_kernels=0, rct=-14.1346, ess=1.0000
INFO:committorch.training.protein_loop:Collected 5 snapshots, 0 OPES kernels total
INFO:__main__:Iteration 271: loss=3.6974e+00, bke=3.2023e+00, boundary=4.9505e-01
INFO:__main__:  OPES: n_kernels=0, rct=-14.1346, ess=1.0000
INFO:committorch.training.protein_loop:Collected 5 snapshots, 0 OPES kernels total
INFO:__main__:Iteration 272: loss=3.8194e+00, bke=3.3245e+00, boundary=4.9496e-01
INFO:__main__:  OPES: n_kernels=0, rct=-14.1346, ess=1.0000
INFO:committorch.training.protein_loop:Collected 5 snapshots, 0 OPES kernels total
INFO:__main__:Iteration 273: loss=4.0320e+00, bke=3.5371e+00, boundary=4.9486e-01
INFO:__main__:  OPES: n_kernels=0, rct=-14.1346, ess=1.0000
INFO:committorch.training.protein_loop:Collected 5 snapshots, 0 OPES kernels total
INFO:__main__:Iteration 274: loss=4.2116e+00, bke=3.7169e+00, boundary=4.9476e-01
INFO:__main__:  OPES: n_kernels=0, rct=-14.1346, ess=1.0000
INFO:committorch.training.protein_loop:Collected 5 snapshots, 0 OPES kernels total
INFO:__main__:Iteration 275: loss=4.2755e+00, bke=3.7809e+00, boundary=4.9466e-01
INFO:__main__:  OPES: n_kernels=0, rct=-14.1346, ess=1.0000
INFO:committorch.training.protein_loop:Collected 5 snapshots, 0 OPES kernels total
INFO:__main__:Iteration 276: loss=4.4890e+00, bke=3.9944e+00, boundary=4.9457e-01
INFO:__main__:  OPES: n_kernels=0, rct=-14.1346, ess=1.0000
INFO:committorch.training.protein_loop:Collected 5 snapshots, 0 OPES kernels total
INFO:__main__:Iteration 277: loss=4.6125e+00, bke=4.1181e+00, boundary=4.9447e-01
INFO:__main__:  OPES: n_kernels=0, rct=-14.1346, ess=1.0000
INFO:committorch.training.protein_loop:Collected 5 snapshots, 0 OPES kernels total
INFO:__main__:Iteration 278: loss=4.7574e+00, bke=4.2630e+00, boundary=4.9437e-01
INFO:__main__:  OPES: n_kernels=0, rct=-14.1346, ess=1.0000
INFO:committorch.training.protein_loop:Collected 5 snapshots, 0 OPES kernels total
INFO:__main__:Iteration 279: loss=4.5647e+00, bke=4.0705e+00, boundary=4.9426e-01
INFO:__main__:  OPES: n_kernels=0, rct=-14.1346, ess=1.0000
INFO:committorch.training.protein_loop:Collected 5 snapshots, 0 OPES kernels total
INFO:__main__:Iteration 280: loss=4.8428e+00, bke=4.3486e+00, boundary=4.9417e-01
INFO:__main__:  OPES: n_kernels=0, rct=-14.1346, ess=1.0000
INFO:committorch.training.protein_loop:Collected 5 snapshots, 0 OPES kernels total
INFO:__main__:Iteration 281: loss=5.0833e+00, bke=4.5892e+00, boundary=4.9405e-01
INFO:__main__:  OPES: n_kernels=0, rct=-14.1346, ess=1.0000
INFO:committorch.training.protein_loop:Collected 5 snapshots, 0 OPES kernels total
INFO:__main__:Iteration 282: loss=5.2965e+00, bke=4.8025e+00, boundary=4.9395e-01
INFO:__main__:  OPES: n_kernels=0, rct=-14.1346, ess=1.0000
INFO:committorch.training.protein_loop:Collected 5 snapshots, 0 OPES kernels total
INFO:__main__:Iteration 283: loss=5.4313e+00, bke=4.9375e+00, boundary=4.9384e-01
INFO:__main__:  OPES: n_kernels=0, rct=-14.1346, ess=1.0000
INFO:committorch.training.protein_loop:Collected 5 snapshots, 0 OPES kernels total
INFO:__main__:Iteration 284: loss=5.6821e+00, bke=5.1884e+00, boundary=4.9373e-01
INFO:__main__:  OPES: n_kernels=0, rct=-14.1346, ess=1.0000
INFO:committorch.training.protein_loop:Collected 5 snapshots, 0 OPES kernels total
INFO:__main__:Iteration 285: loss=5.9368e+00, bke=5.4431e+00, boundary=4.9362e-01
INFO:__main__:  OPES: n_kernels=0, rct=-14.1346, ess=1.0000
INFO:committorch.training.protein_loop:Collected 5 snapshots, 0 OPES kernels total
INFO:__main__:Iteration 286: loss=6.0483e+00, bke=5.5548e+00, boundary=4.9350e-01
INFO:__main__:  OPES: n_kernels=0, rct=-14.1346, ess=1.0000
INFO:committorch.training.protein_loop:Collected 5 snapshots, 0 OPES kernels total
INFO:__main__:Iteration 287: loss=6.2091e+00, bke=5.7157e+00, boundary=4.9339e-01
INFO:__main__:  OPES: n_kernels=0, rct=-14.1346, ess=1.0000
INFO:committorch.training.protein_loop:Collected 5 snapshots, 0 OPES kernels total
INFO:__main__:Iteration 288: loss=6.4783e+00, bke=5.9850e+00, boundary=4.9327e-01
INFO:__main__:  OPES: n_kernels=0, rct=-14.1346, ess=1.0000
INFO:committorch.training.protein_loop:Collected 5 snapshots, 0 OPES kernels total
INFO:__main__:Iteration 289: loss=6.7419e+00, bke=6.2487e+00, boundary=4.9315e-01
INFO:__main__:  OPES: n_kernels=0, rct=-14.1346, ess=1.0000
INFO:committorch.training.protein_loop:Collected 5 snapshots, 0 OPES kernels total
INFO:__main__:Iteration 290: loss=6.8251e+00, bke=6.3321e+00, boundary=4.9303e-01
INFO:__main__:  OPES: n_kernels=0, rct=-14.1346, ess=1.0000
INFO:committorch.training.protein_loop:Collected 5 snapshots, 0 OPES kernels total
INFO:__main__:Iteration 291: loss=7.0524e+00, bke=6.5595e+00, boundary=4.9291e-01
INFO:__main__:  OPES: n_kernels=0, rct=-14.1346, ess=1.0000
INFO:committorch.training.protein_loop:Collected 5 snapshots, 0 OPES kernels total
INFO:__main__:Iteration 292: loss=7.4987e+00, bke=7.0059e+00, boundary=4.9278e-01
INFO:__main__:  OPES: n_kernels=0, rct=-14.1346, ess=1.0000
INFO:committorch.training.protein_loop:Collected 5 snapshots, 0 OPES kernels total
INFO:__main__:Iteration 293: loss=7.9303e+00, bke=7.4376e+00, boundary=4.9266e-01
INFO:__main__:  OPES: n_kernels=0, rct=-14.1346, ess=1.0000
INFO:committorch.training.protein_loop:Collected 5 snapshots, 0 OPES kernels total
INFO:__main__:Iteration 294: loss=8.0409e+00, bke=7.5484e+00, boundary=4.9253e-01
INFO:__main__:  OPES: n_kernels=0, rct=-14.1346, ess=1.0000
INFO:committorch.training.protein_loop:Collected 5 snapshots, 0 OPES kernels total
INFO:__main__:Iteration 295: loss=8.0977e+00, bke=7.6053e+00, boundary=4.9240e-01
INFO:__main__:  OPES: n_kernels=0, rct=-14.1346, ess=1.0000
INFO:committorch.training.protein_loop:Collected 5 snapshots, 0 OPES kernels total
INFO:__main__:Iteration 296: loss=8.5292e+00, bke=8.0369e+00, boundary=4.9227e-01
INFO:__main__:  OPES: n_kernels=0, rct=-14.1346, ess=1.0000
INFO:committorch.training.protein_loop:Collected 5 snapshots, 0 OPES kernels total
INFO:__main__:Iteration 297: loss=8.7705e+00, bke=8.2783e+00, boundary=4.9213e-01
INFO:__main__:  OPES: n_kernels=0, rct=-14.1346, ess=1.0000
INFO:committorch.training.protein_loop:Collected 5 snapshots, 0 OPES kernels total
INFO:__main__:Iteration 298: loss=9.0021e+00, bke=8.5101e+00, boundary=4.9200e-01
INFO:__main__:  OPES: n_kernels=0, rct=-14.1346, ess=1.0000
INFO:committorch.training.protein_loop:Collected 5 snapshots, 0 OPES kernels total
INFO:__main__:Iteration 299: loss=9.0943e+00, bke=8.6025e+00, boundary=4.9186e-01
INFO:__main__:  OPES: n_kernels=0, rct=-14.1346, ess=1.0000
INFO:committorch.training.protein_loop:Collected 5 snapshots, 0 OPES kernels total
INFO:__main__:Iteration 300: loss=9.4030e+00, bke=8.9113e+00, boundary=4.9172e-01
INFO:__main__:  OPES: n_kernels=0, rct=-14.1346, ess=1.0000
INFO:committorch.training.protein_loop:Collected 5 snapshots, 0 OPES kernels total
INFO:__main__:Iteration 301: loss=9.9736e+00, bke=9.4821e+00, boundary=4.9158e-01
INFO:__main__:  OPES: n_kernels=0, rct=-14.1346, ess=1.0000
INFO:committorch.training.protein_loop:Collected 5 snapshots, 0 OPES kernels total
INFO:__main__:Iteration 302: loss=1.0102e+01, bke=9.6108e+00, boundary=4.9143e-01
INFO:__main__:  OPES: n_kernels=0, rct=-14.1346, ess=1.0000
INFO:committorch.training.protein_loop:Collected 5 snapshots, 0 OPES kernels total
INFO:__main__:Iteration 303: loss=1.0998e+01, bke=1.0507e+01, boundary=4.9129e-01
INFO:__main__:  OPES: n_kernels=0, rct=-14.1346, ess=1.0000
INFO:committorch.training.protein_loop:Collected 5 snapshots, 0 OPES kernels total
INFO:__main__:Iteration 304: loss=1.1118e+01, bke=1.0627e+01, boundary=4.9114e-01
INFO:__main__:  OPES: n_kernels=0, rct=-14.1346, ess=1.0000
INFO:committorch.training.protein_loop:Collected 5 snapshots, 0 OPES kernels total
INFO:__main__:Iteration 305: loss=1.0966e+01, bke=1.0475e+01, boundary=4.9099e-01
INFO:__main__:  OPES: n_kernels=0, rct=-14.1346, ess=1.0000
INFO:committorch.training.protein_loop:Collected 5 snapshots, 0 OPES kernels total
INFO:__main__:Iteration 306: loss=1.1387e+01, bke=1.0896e+01, boundary=4.9084e-01
INFO:__main__:  OPES: n_kernels=0, rct=-14.1346, ess=1.0000
INFO:committorch.training.protein_loop:Collected 5 snapshots, 0 OPES kernels total
INFO:__main__:Iteration 307: loss=1.1943e+01, bke=1.1452e+01, boundary=4.9068e-01
INFO:__main__:  OPES: n_kernels=0, rct=-14.1346, ess=1.0000
INFO:committorch.training.protein_loop:Collected 5 snapshots, 0 OPES kernels total
INFO:__main__:Iteration 308: loss=1.2429e+01, bke=1.1939e+01, boundary=4.9052e-01
INFO:__main__:  OPES: n_kernels=0, rct=-14.1346, ess=1.0000
INFO:committorch.training.protein_loop:Collected 5 snapshots, 0 OPES kernels total
INFO:__main__:Iteration 309: loss=1.2908e+01, bke=1.2417e+01, boundary=4.9037e-01
INFO:__main__:  OPES: n_kernels=0, rct=-14.1346, ess=1.0000
INFO:committorch.training.protein_loop:Collected 5 snapshots, 0 OPES kernels total
INFO:__main__:Iteration 310: loss=1.2828e+01, bke=1.2338e+01, boundary=4.9020e-01
INFO:__main__:  OPES: n_kernels=0, rct=-14.1346, ess=1.0000
INFO:committorch.training.protein_loop:Collected 5 snapshots, 0 OPES kernels total
INFO:__main__:Iteration 311: loss=1.3607e+01, bke=1.3117e+01, boundary=4.9004e-01
INFO:__main__:  OPES: n_kernels=0, rct=-14.1346, ess=1.0000
INFO:committorch.training.protein_loop:Collected 5 snapshots, 0 OPES kernels total
INFO:__main__:Iteration 312: loss=1.4157e+01, bke=1.3667e+01, boundary=4.8987e-01
INFO:__main__:  OPES: n_kernels=0, rct=-14.1346, ess=1.0000
INFO:committorch.training.protein_loop:Collected 5 snapshots, 0 OPES kernels total
INFO:__main__:Iteration 313: loss=1.4388e+01, bke=1.3898e+01, boundary=4.8971e-01
INFO:__main__:  OPES: n_kernels=0, rct=-14.1346, ess=1.0000
INFO:committorch.training.protein_loop:Collected 5 snapshots, 0 OPES kernels total
INFO:__main__:Iteration 314: loss=1.5180e+01, bke=1.4690e+01, boundary=4.8954e-01
INFO:__main__:  OPES: n_kernels=0, rct=-14.1346, ess=1.0000
INFO:committorch.training.protein_loop:Collected 5 snapshots, 0 OPES kernels total
INFO:__main__:Iteration 315: loss=1.5547e+01, bke=1.5057e+01, boundary=4.8936e-01
INFO:__main__:  OPES: n_kernels=0, rct=-14.1346, ess=1.0000
INFO:committorch.training.protein_loop:Collected 5 snapshots, 0 OPES kernels total
INFO:__main__:Iteration 316: loss=1.6338e+01, bke=1.5849e+01, boundary=4.8919e-01
INFO:__main__:  OPES: n_kernels=0, rct=-14.1346, ess=1.0000
INFO:committorch.training.protein_loop:Collected 5 snapshots, 0 OPES kernels total
INFO:__main__:Iteration 317: loss=1.6644e+01, bke=1.6155e+01, boundary=4.8901e-01
INFO:__main__:  OPES: n_kernels=0, rct=-14.1346, ess=1.0000
INFO:committorch.training.protein_loop:Collected 5 snapshots, 0 OPES kernels total
INFO:__main__:Iteration 318: loss=1.6933e+01, bke=1.6444e+01, boundary=4.8883e-01
INFO:__main__:  OPES: n_kernels=0, rct=-14.1346, ess=1.0000
INFO:committorch.training.protein_loop:Collected 5 snapshots, 0 OPES kernels total
INFO:__main__:Iteration 319: loss=1.7251e+01, bke=1.6763e+01, boundary=4.8865e-01
INFO:__main__:  OPES: n_kernels=0, rct=-14.1346, ess=1.0000
INFO:committorch.training.protein_loop:Collected 5 snapshots, 0 OPES kernels total
INFO:__main__:Iteration 320: loss=1.8507e+01, bke=1.8018e+01, boundary=4.8846e-01
INFO:__main__:  OPES: n_kernels=0, rct=-14.1346, ess=1.0000
INFO:committorch.training.protein_loop:Collected 5 snapshots, 0 OPES kernels total
INFO:__main__:Iteration 321: loss=1.8965e+01, bke=1.8477e+01, boundary=4.8828e-01
INFO:__main__:  OPES: n_kernels=0, rct=-14.1346, ess=1.0000
INFO:committorch.training.protein_loop:Collected 5 snapshots, 0 OPES kernels total
INFO:__main__:Iteration 322: loss=1.9669e+01, bke=1.9181e+01, boundary=4.8809e-01
INFO:__main__:  OPES: n_kernels=0, rct=-14.1346, ess=1.0000
INFO:committorch.training.protein_loop:Collected 5 snapshots, 0 OPES kernels total
INFO:__main__:Iteration 323: loss=1.9869e+01, bke=1.9381e+01, boundary=4.8790e-01
INFO:__main__:  OPES: n_kernels=0, rct=-14.1346, ess=1.0000
INFO:committorch.training.protein_loop:Collected 5 snapshots, 0 OPES kernels total
INFO:__main__:Iteration 324: loss=2.0717e+01, bke=2.0229e+01, boundary=4.8770e-01
INFO:__main__:  OPES: n_kernels=0, rct=-14.1346, ess=1.0000
INFO:committorch.training.protein_loop:Collected 5 snapshots, 0 OPES kernels total
INFO:__main__:Iteration 325: loss=2.0924e+01, bke=2.0437e+01, boundary=4.8751e-01
INFO:__main__:  OPES: n_kernels=0, rct=-14.1346, ess=1.0000
INFO:committorch.training.protein_loop:Collected 5 snapshots, 0 OPES kernels total
INFO:__main__:Iteration 326: loss=2.1792e+01, bke=2.1305e+01, boundary=4.8731e-01
INFO:__main__:  OPES: n_kernels=0, rct=-14.1346, ess=1.0000
INFO:committorch.training.protein_loop:Collected 5 snapshots, 0 OPES kernels total
INFO:__main__:Iteration 327: loss=2.2687e+01, bke=2.2199e+01, boundary=4.8710e-01
INFO:__main__:  OPES: n_kernels=0, rct=-14.1346, ess=1.0000
INFO:committorch.training.protein_loop:Collected 5 snapshots, 0 OPES kernels total
INFO:__main__:Iteration 328: loss=2.3711e+01, bke=2.3224e+01, boundary=4.8690e-01
INFO:__main__:  OPES: n_kernels=0, rct=-14.1346, ess=1.0000
INFO:committorch.training.protein_loop:Collected 5 snapshots, 0 OPES kernels total
INFO:__main__:Iteration 329: loss=2.4425e+01, bke=2.3939e+01, boundary=4.8670e-01
INFO:__main__:  OPES: n_kernels=0, rct=-14.1346, ess=1.0000
INFO:committorch.training.protein_loop:Collected 5 snapshots, 0 OPES kernels total
INFO:__main__:Iteration 330: loss=2.4750e+01, bke=2.4264e+01, boundary=4.8648e-01
INFO:__main__:  OPES: n_kernels=0, rct=-14.1346, ess=1.0000
INFO:committorch.training.protein_loop:Collected 5 snapshots, 0 OPES kernels total
INFO:__main__:Iteration 331: loss=2.5967e+01, bke=2.5481e+01, boundary=4.8628e-01
INFO:__main__:  OPES: n_kernels=0, rct=-14.1346, ess=1.0000
INFO:committorch.training.protein_loop:Collected 5 snapshots, 0 OPES kernels total
INFO:__main__:Iteration 332: loss=2.6045e+01, bke=2.5558e+01, boundary=4.8606e-01
INFO:__main__:  OPES: n_kernels=0, rct=-14.1346, ess=1.0000
INFO:committorch.training.protein_loop:Collected 5 snapshots, 0 OPES kernels total
INFO:__main__:Iteration 333: loss=2.7228e+01, bke=2.6743e+01, boundary=4.8584e-01
INFO:__main__:  OPES: n_kernels=0, rct=-14.1346, ess=1.0000
INFO:committorch.training.protein_loop:Collected 5 snapshots, 0 OPES kernels total
INFO:__main__:Iteration 334: loss=2.8366e+01, bke=2.7880e+01, boundary=4.8562e-01
INFO:__main__:  OPES: n_kernels=0, rct=-14.1346, ess=1.0000
INFO:committorch.training.protein_loop:Collected 5 snapshots, 0 OPES kernels total
INFO:__main__:Iteration 335: loss=2.9067e+01, bke=2.8582e+01, boundary=4.8540e-01
INFO:__main__:  OPES: n_kernels=0, rct=-14.1346, ess=1.0000
INFO:committorch.training.protein_loop:Collected 5 snapshots, 0 OPES kernels total
INFO:__main__:Iteration 336: loss=3.0386e+01, bke=2.9900e+01, boundary=4.8517e-01
INFO:__main__:  OPES: n_kernels=0, rct=-14.1346, ess=1.0000
INFO:committorch.training.protein_loop:Collected 5 snapshots, 0 OPES kernels total
INFO:__main__:Iteration 337: loss=3.1076e+01, bke=3.0591e+01, boundary=4.8494e-01
INFO:__main__:  OPES: n_kernels=0, rct=-14.1346, ess=1.0000
INFO:committorch.training.protein_loop:Collected 5 snapshots, 0 OPES kernels total
INFO:__main__:Iteration 338: loss=3.1707e+01, bke=3.1222e+01, boundary=4.8471e-01
INFO:__main__:  OPES: n_kernels=0, rct=-14.1346, ess=1.0000
INFO:committorch.training.protein_loop:Collected 5 snapshots, 0 OPES kernels total
INFO:__main__:Iteration 339: loss=3.3138e+01, bke=3.2654e+01, boundary=4.8448e-01
INFO:__main__:  OPES: n_kernels=0, rct=-14.1346, ess=1.0000
INFO:committorch.training.protein_loop:Collected 5 snapshots, 0 OPES kernels total
INFO:__main__:Iteration 340: loss=3.4506e+01, bke=3.4022e+01, boundary=4.8424e-01
INFO:__main__:  OPES: n_kernels=0, rct=-14.1346, ess=1.0000
INFO:committorch.training.protein_loop:Collected 5 snapshots, 0 OPES kernels total
INFO:__main__:Iteration 341: loss=3.5554e+01, bke=3.5070e+01, boundary=4.8400e-01
INFO:__main__:  OPES: n_kernels=0, rct=-14.1346, ess=1.0000
INFO:committorch.training.protein_loop:Collected 5 snapshots, 0 OPES kernels total
INFO:__main__:Iteration 342: loss=3.6566e+01, bke=3.6083e+01, boundary=4.8376e-01
INFO:__main__:  OPES: n_kernels=0, rct=-14.1346, ess=1.0000
INFO:committorch.training.protein_loop:Collected 5 snapshots, 0 OPES kernels total
INFO:__main__:Iteration 343: loss=3.7427e+01, bke=3.6943e+01, boundary=4.8351e-01
INFO:__main__:  OPES: n_kernels=0, rct=-14.1346, ess=1.0000
INFO:committorch.training.protein_loop:Collected 5 snapshots, 0 OPES kernels total
INFO:__main__:Iteration 344: loss=3.7985e+01, bke=3.7502e+01, boundary=4.8326e-01
INFO:__main__:  OPES: n_kernels=0, rct=-14.1346, ess=1.0000
INFO:committorch.training.protein_loop:Collected 5 snapshots, 0 OPES kernels total
INFO:__main__:Iteration 345: loss=3.9446e+01, bke=3.8963e+01, boundary=4.8301e-01
INFO:__main__:  OPES: n_kernels=0, rct=-14.1346, ess=1.0000
INFO:committorch.training.protein_loop:Collected 5 snapshots, 0 OPES kernels total
INFO:__main__:Iteration 346: loss=4.0869e+01, bke=4.0387e+01, boundary=4.8276e-01
INFO:__main__:  OPES: n_kernels=0, rct=-14.1346, ess=1.0000
INFO:committorch.training.protein_loop:Collected 5 snapshots, 0 OPES kernels total
INFO:__main__:Iteration 347: loss=4.2276e+01, bke=4.1794e+01, boundary=4.8250e-01
INFO:__main__:  OPES: n_kernels=0, rct=-14.1346, ess=1.0000
INFO:committorch.training.protein_loop:Collected 5 snapshots, 0 OPES kernels total
INFO:__main__:Iteration 348: loss=4.3991e+01, bke=4.3509e+01, boundary=4.8224e-01
INFO:__main__:  OPES: n_kernels=0, rct=-14.1346, ess=1.0000
INFO:committorch.training.protein_loop:Collected 5 snapshots, 0 OPES kernels total
INFO:__main__:Iteration 349: loss=4.4225e+01, bke=4.3743e+01, boundary=4.8197e-01
INFO:__main__:  OPES: n_kernels=0, rct=-14.1346, ess=1.0000
INFO:committorch.training.protein_loop:Collected 5 snapshots, 0 OPES kernels total
INFO:__main__:Iteration 350: loss=4.4770e+01, bke=4.4288e+01, boundary=4.8171e-01
INFO:__main__:  OPES: n_kernels=0, rct=-14.1346, ess=1.0000
